exports[`test The AddSite component matches the snapshot 1`] = `
<div
  className="hfMDPK">
  <h1
    className="dQgKWp">
    <span>
      Add Site
    </span>
  </h1>
  <p
    className="hUuGBg">
    <label
      htmlFor="addSiteInputField">
      <span>
        Please enter the URL of the site you would like to link with your account:
      </span>
    </label>
  </p>
  <input
    aria-describedby="addSiteInfo"
    className="jssTrf"
    defaultValue=""
    id="addSiteInputField"
    onChange={[Function]}
    placeholder="https://example-site.com"
    type="url" />
  <div
    className="etHoNp">
    <button
      className="hMhZgw"
      onClick={[Function]}
      type="button">
      <span>
        cancel
      </span>
    </button>
    <button
      className="fpqbdc"
      onClick={[Function]}
      type="button">
      <span>
        connect
      </span>
    </button>
  </div>
  <div
    className="ehuLPF" />
  <img
    alt=""
    className="ireVCO"
    src="addsite.svg" />
</div>
`;
