// Jest Snapshot v1, https://goo.gl/fbAQLP

exports[`The MyYoastModal for the AddSite component matches the snapshot 1`] = `
<div>
  <div
    className="cBtmET my-yoast-modal__content"
    contentLabel="message.defaultMessage"
    id="Modal"
    isOpen={true}
    onRequestClose={[Function]}
    overlayClassName="cBtmET my-yoast-modal__overlay"
    role="dialog"
  >
    <div
      className="kJvgwK"
    >
      <h1
        className="dQgKWp"
      >
        <span>
          Add Site
        </span>
      </h1>
      <form
        noValidate={true}
        onSubmit={[Function]}
      >
        <label
          htmlFor="add-site-input"
        >
          <span>
            Please enter the URL of the site you would like to add to your account:
          </span>
        </label>
        <input
          className="daTiNl"
          id="add-site-input"
          onChange={[Function]}
          placeholder="https://example-site.com"
          type="url"
          value=""
        />
        <div
          className="ehuLPF"
        />
        <div
          className="dUdmLN"
        >
          <button
            className="gtZwWe"
            onClick={[Function]}
            type="button"
          >
            <span>
              cancel
            </span>
          </button>
          <button
            aria-label="add"
            className="kfvUGg"
            type="submit"
          >
            <span>
              add
            </span>
          </button>
        </div>
      </form>
    </div>
  </div>
</div>
`;
