// Jest Snapshot v1, https://goo.gl/fbAQLP

exports[`The AddSite component matches the snapshot 1`] = `
<div
  className="kJvgwK"
>
  <h1
    className="dQgKWp"
  >
    <span>
      Add Site
    </span>
  </h1>
  <form
    noValidate={true}
    onSubmit={[Function]}
  >
    <label
      htmlFor="add-site-input"
    >
      <span>
        Please enter the URL of the site you would like to add to your account:
      </span>
    </label>
    <input
      className="daTiNl"
      id="add-site-input"
      onChange={[Function]}
      placeholder="https://example-site.com"
      type="url"
      value=""
    />
    <div>
      <label
        htmlFor="selectPlatform"
      >
        <span>
          Please select the platform that your website is running on:
        </span>
      </label>
      <div
        className="Select fNaNUR has-value Select--single"
        style={undefined}
      >
        <input
          disabled={false}
          name="selectPlatform"
          type="hidden"
          value="wordpress"
        />
        <div
          className="Select-control"
          onKeyDown={[Function]}
          onMouseDown={[Function]}
          onTouchEnd={[Function]}
          onTouchMove={[Function]}
          onTouchStart={[Function]}
          style={undefined}
        >
          <span
            className="Select-multi-value-wrapper"
            id="react-select-2--value"
          >
            <div
              className="Select-value"
              style={undefined}
              title={undefined}
            >
              <span
                aria-selected="true"
                className="Select-value-label"
                id="react-select-2--value-item"
                role="option"
              >
                WordPress
              </span>
            </div>
            <div
              aria-activedescendant="react-select-2--value"
              aria-disabled="false"
              aria-expanded={false}
              aria-label={undefined}
              aria-labelledby={undefined}
              aria-owns=""
              className="Select-input"
              onBlur={[Function]}
              onFocus={[Function]}
              role="combobox"
              style={
                Object {
                  "border": 0,
                  "display": "inline-block",
                  "width": 1,
                }
              }
              tabIndex={0}
            />
          </span>
          <span
            className="Select-arrow-zone"
            onMouseDown={[Function]}
          >
            <span
              className="Select-arrow"
              onMouseDown={[Function]}
            />
          </span>
        </div>
      </div>
    </div>
    <div
      className="ehuLPF"
    />
    <div
      className="dUdmLN"
    >
      <button
        className="gtZwWe"
        onClick={[Function]}
        type="button"
      >
        <span>
          cancel
        </span>
      </button>
      <button
        aria-label="add"
        className="kfvUGg"
        type="submit"
      >
        <span>
          add
        </span>
      </button>
    </div>
  </form>
</div>
`;
