// Jest Snapshot v1, https://goo.gl/fbAQLP

exports[`The ButtonsContainer component matches the snapshot 1`] = `
.c0 {
  -webkit-flex: 1 0 200px;
  -ms-flex: 1 0 200px;
  flex: 1 0 200px;
  padding-bottom: 16px;
  text-align: right;
}

.c0 a,
.c0 button {
  margin-left: 12px;
}

@media screen and (max-width:800px) {
  .c0 {
    display: -webkit-box;
    display: -webkit-flex;
    display: -ms-flexbox;
    display: flex;
    -webkit-flex-direction: column;
    -ms-flex-direction: column;
    flex-direction: column;
    -webkit-align-items: center;
    -webkit-box-align: center;
    -ms-flex-align: center;
    align-items: center;
    -webkit-box-pack: center;
    -webkit-justify-content: center;
    -ms-flex-pack: center;
    justify-content: center;
  }

  .c0 a,
  .c0 button {
    margin-left: 0;
    margin-bottom: 8px;
  }
}

<div
  className="c0"
>
  <a>
    link
  </a>
  <button>
    button
  </button>
</div>
`;
