exports[`test the courses page component matches the snapshot 1`] = `
<div
  className="kNIZiW">
  <p>
    <span>
      This section is still under construction. To access your courses, please visit:
    </span>
  </p>
  <p>
    <a
      href="https://yoa.st/myyoast-academy"
      target="_blank">
      yoast.academy
      <span
        className="screen-reader-text fuqaAG">
        <span>
          (Opens in a new browser tab)
        </span>
      </span>
    </a>
  </p>
  <img
    alt=""
    src="construction.svg" />
</div>
`;
