// Jest Snapshot v1, https://goo.gl/fbAQLP

exports[`the downloads page component matches the snapshot 1`] = `
<div>
  <div>
    <label
      className="gOZvhE"
      htmlFor="search"
    >
      <span
        className="screen-reader-text foqgVb"
      >
        Search downloads
      </span>
    </label>
    <input
      aria-describedby="search-description"
      autoCapitalize="off"
      autoComplete="off"
      autoCorrect="off"
      className="eCSBxO"
      id="search"
      onChange={[Function]}
      spellCheck="false"
      type="text"
      value=""
    />
    <p
      className="screen-reader-text"
      id="search-description"
    >
      The search results will be updated as you type.
    </p>
  </div>
  <div
    className="dnTGWH"
  >
    <div
      className="dCNEzS"
    >
      <div
        className="dCSOIl"
      >
        <h2
          className="fdADGm"
        >
          Plugins
          <span
            className="tfydH"
          >
            <span>
               - Need help installing these? 
              <a
                href="https://yoa.st/myyoast-installation"
                target="_blank"
              >
                Read our installation guides
              </a>
              .
            </span>
          </span>
        </h2>
        
        <div
          className="iqMgVR"
        >
          <h3
            className="lmLbkz"
          >
            Yoast SEO
          </h3>
          <p
            className="hTVMCQ"
          >
             
            version 4.7
          </p>
          <img
            alt=""
            className="bAfIbR"
            src="Yoast_SEO_Icon_Small.svg"
          />
          <ul
            className="boOFOz"
          >
            <li
              className="jVUpbY"
            >
              <button
                aria-label="Download Yoast SEO for Wordpress"
                className="jDaTAs"
                onClick={[Function]}
              >
                Download
              </button>
              <p
                aria-hidden="true"
                className="cBxjGK"
              >
                for Wordpress
              </p>
            </li>
            <li
              className="jVUpbY"
            >
              <button
                aria-label="Download Yoast SEO for Drupal"
                className="jDaTAs"
                onClick={[Function]}
              >
                Download
              </button>
              <p
                aria-hidden="true"
                className="cBxjGK"
              >
                for Drupal
              </p>
            </li>
            <li
              className="jVUpbY"
            >
              <button
                aria-label="Download Yoast SEO for Typo3"
                className="jDaTAs"
                onClick={[Function]}
              >
                Download
              </button>
              <p
                aria-hidden="true"
                className="cBxjGK"
              >
                for Typo3
              </p>
            </li>
          </ul>
        </div>
        <div
          className="iqMgVR"
        >
          <h3
            className="lmLbkz"
          >
            Local SEO
          </h3>
          <p
            className="hTVMCQ"
          >
             
            version 4.7
          </p>
          <img
            alt=""
            className="bAfIbR"
            src="Yoast_SEO_Icon_Small.svg"
          />
          <ul
            className="boOFOz"
          >
            <li
              className="jVUpbY"
            >
              <button
                aria-label="Download Local SEO for Wordpress"
                className="jDaTAs"
                onClick={[Function]}
              >
                Download
              </button>
              <p
                aria-hidden="true"
                className="cBxjGK"
              >
                for Wordpress
              </p>
            </li>
          </ul>
        </div>
        <div
          className="iqMgVR"
        >
          <h3
            className="lmLbkz"
          >
            Video SEO
          </h3>
          <p
            className="hTVMCQ"
          >
             
            version 4.7
          </p>
          <img
            alt=""
            className="bAfIbR"
            src="Yoast_SEO_Icon_Small.svg"
          />
          <ul
            className="boOFOz"
          >
            <li
              className="jVUpbY"
            >
              <button
                aria-label="Download Video SEO for Wordpress"
                className="jDaTAs"
                onClick={[Function]}
              >
                Download
              </button>
              <p
                aria-hidden="true"
                className="cBxjGK"
              >
                for Wordpress
              </p>
            </li>
            <li
              className="jVUpbY"
            >
              <button
                aria-label="Download Video SEO for Drupal"
                className="jDaTAs"
                onClick={[Function]}
              >
                Download
              </button>
              <p
                aria-hidden="true"
                className="cBxjGK"
              >
                for Drupal
              </p>
            </li>
            <li
              className="jVUpbY"
            >
              <button
                aria-label="Download Video SEO for Typo3"
                className="jDaTAs"
                onClick={[Function]}
              >
                Download
              </button>
              <p
                aria-hidden="true"
                className="cBxjGK"
              >
                for Typo3
              </p>
            </li>
          </ul>
        </div>
        <div
          className="iqMgVR"
        >
          <h3
            className="lmLbkz"
          >
            News SEO
          </h3>
          <p
            className="hTVMCQ"
          >
             
            version 4.7
          </p>
          <img
            alt=""
            className="bAfIbR"
            src="Yoast_SEO_Icon_Small.svg"
          />
          <ul
            className="boOFOz"
          >
            <li
              className="jVUpbY"
            >
              <button
                aria-label="Download News SEO for Wordpress"
                className="jDaTAs"
                onClick={[Function]}
              >
                Download
              </button>
              <p
                aria-hidden="true"
                className="cBxjGK"
              >
                for Wordpress
              </p>
            </li>
            <li
              className="jVUpbY"
            >
              <button
                aria-label="Download News SEO for Drupal"
                className="jDaTAs"
                onClick={[Function]}
              >
                Download
              </button>
              <p
                aria-hidden="true"
                className="cBxjGK"
              >
                for Drupal
              </p>
            </li>
            <li
              className="jVUpbY"
            >
              <button
                aria-label="Download News SEO for Typo3"
                className="jDaTAs"
                onClick={[Function]}
              >
                Download
              </button>
              <p
                aria-hidden="true"
                className="cBxjGK"
              >
                for Typo3
              </p>
            </li>
          </ul>
        </div>
      </div>
      <div
        className="dCSOIl"
      >
        <h2
          className="fdADGm"
        >
          eBooks
          <span
            className="tfydH"
          >
            <span>
               - Want to read more about SEO? 
              <a
                href="https://yoa.st/ebooks"
                target="_blank"
              >
                Check out our other eBooks
              </a>
              .
            </span>
          </span>
        </h2>
        
        <div
          className="iqMgVR"
        >
          <h3
            className="lmLbkz"
          >
            Yoast SEO for WooCommerce
          </h3>
          
          <img
            alt=""
            className="bAfIbR"
            src="Yoast_SEO_Icon_Small.svg"
          />
          <ul
            className="boOFOz"
          >
            <li
              className="jVUpbY"
            >
              <button
                aria-label="Download Yoast SEO for WooCommerce for Wordpress"
                className="jDaTAs"
                onClick={[Function]}
              >
                Download
              </button>
              <p
                aria-hidden="true"
                className="cBxjGK"
              >
                for Wordpress
              </p>
            </li>
          </ul>
        </div>
        <div
          className="iqMgVR"
        >
          <h3
            className="lmLbkz"
          >
            Yoast SEO for WooCommerce
          </h3>
          
          <img
            alt=""
            className="bAfIbR"
            src="Yoast_SEO_Icon_Small.svg"
          />
          <ul
            className="boOFOz"
          >
            <li
              className="jVUpbY"
            >
              <button
                aria-label="Download Yoast SEO for WooCommerce for Wordpress"
                className="jDaTAs"
                onClick={[Function]}
              >
                Download
              </button>
              <p
                aria-hidden="true"
                className="cBxjGK"
              >
                for Wordpress
              </p>
            </li>
          </ul>
        </div>
        <div
          className="iqMgVR"
        >
          <h3
            className="lmLbkz"
          >
            Yoast SEO for WooCommerce
          </h3>
          
          <img
            alt=""
            className="bAfIbR"
            src="Yoast_SEO_Icon_Small.svg"
          />
          <ul
            className="boOFOz"
          >
            <li
              className="jVUpbY"
            >
              <button
                aria-label="Download Yoast SEO for WooCommerce for Wordpress"
                className="jDaTAs"
                onClick={[Function]}
              >
                Download
              </button>
              <p
                aria-hidden="true"
                className="cBxjGK"
              >
                for Wordpress
              </p>
            </li>
          </ul>
        </div>
        <div
          className="iqMgVR"
        >
          <h3
            className="lmLbkz"
          >
            Yoast SEO for WooCommerce
          </h3>
          
          <img
            alt=""
            className="bAfIbR"
            src="Yoast_SEO_Icon_Small.svg"
          />
          <ul
            className="boOFOz"
          >
            <li
              className="jVUpbY"
            >
              <button
                aria-label="Download Yoast SEO for WooCommerce for Wordpress"
                className="jDaTAs"
                onClick={[Function]}
              >
                Download
              </button>
              <p
                aria-hidden="true"
                className="cBxjGK"
              >
                for Wordpress
              </p>
            </li>
          </ul>
        </div>
      </div>
    </div>
  </div>
</div>
`;

exports[`the downloads page component matches the snapshot when there are no downloads 1`] = `
<div
  className="kNIZiW"
>
  <p>
    <span>
      Welcome to the downloads page
    </span>
  </p>
  <p>
    <span>
      It looks like you haven’t bought any products with downloadable files yet.
    </span>
  </p>
  <p>
    <span>
      To browse our products, please visit:
    </span>
  </p>
  <p>
    <a
      href="https://yoa.st/myyoast-download"
      target="_blank"
    >
      yoast.com
      <span
        className="screen-reader-text fuqaAG"
      >
        <span>
          (Opens in a new browser tab)
        </span>
      </span>
    </a>
  </p>
  <img
    alt=""
    src="noDownloads.svg"
  />
</div>
`;
