// Jest Snapshot v1, https://goo.gl/fbAQLP

exports[`the downloads page component matches the snapshot 1`] = `
.c4 {
  box-shadow: 0 2px 4px 0 rgba(0,0,0,0.2);
}

.c18 {
  height: 48px;
  margin: 0;
  padding: 0 16px;
  border: 0;
  background-color: #64a60a;
  color: #fff;
  box-shadow: inset 0 -4px 0 rgba(0,0,0,0.2);
  -webkit-filter: drop-shadow(0 2px 4px rgb(0,0,0,0.2));
  filter: drop-shadow(0 2px 4px rgb(0,0,0,0.2));
  border-radius: 4px;
  font: 700 14px/24px "Open Sans",sans-serif;
  cursor: pointer;
  vertical-align: top;
  -webkit-transition: background-color 150ms ease-out;
  transition: background-color 150ms ease-out;
}

.c18:hover,
.c18:focus {
  box-shadow: 0 4px 10px 0 rgba(0,0,0,0.2),inset 0 0 0 100px rgba( 0,0,0,0.1 );
}

.c18:active {
  -webkit-transform: translateY( 1px );
  -ms-transform: translateY( 1px );
  transform: translateY( 1px );
  box-shadow: none;
}

.c17 {
  background-repeat: no-repeat;
  background-image: url( download.svg );
  background-position: 8px 50%;
  background-size: 24px;
  padding-left: 36px;
}

.c16 {
  text-shadow: 0px 0px 2px #000;
}

.c10 {
  margin: 8px;
  padding: 16px 16px 0 16px;
  background-color: #f1f1f1;
  text-align: center;
}

.c13 {
  width: 112px;
  height: 112px;
  padding: 0 0 5px 0;
  margin-top: 24px;
}

.c14 {
  padding: 0;
  margin: 0 0 24px 0;
}

.c15 {
  list-style: none;
  text-align: center;
  margin: 24px 0 0;
}

.c11 {
  display: block;
  font-size: 1.375em;
  min-height: 4em;
  font-weight: 400;
  line-height: 1.2;
  margin: 0;
}

.c12 {
  font-weight: 300;
}

.c19 {
  font-size: 0.875em;
  font-weight: 300;
  margin: 2px 0 0;
}

.c8 {
  display: block;
  font-size: 1em;
  padding: 24px 40px;
  font-weight: 400;
  margin: 0;
  border-bottom: 1px solid #ccc;
}

.c6 {
  display: -webkit-box;
  display: -webkit-flex;
  display: -ms-flexbox;
  display: flex;
  background-color: #fff;
  padding: 0 24px 24px 24px;
  margin: 0 0 0 8px;
  -webkit-flex-wrap: wrap;
  -ms-flex-wrap: wrap;
  flex-wrap: wrap;
  width: 100%;
  -webkit-align-items: stretch;
  -webkit-box-align: stretch;
  -ms-flex-align: stretch;
  align-items: stretch;
}

.c7 {
  width: calc( 100% - 16px );
  font-size: 22px;
  margin: 0 0 24px 0px;
  padding: 0 0 24px 0;
}

.c3 {
  box-shadow: inset 0 1px 8px 0 rgba(0,0,0,0.3);
  background: #fff;
  border: 0;
  padding: 0 0 0 10px;
  font-size: 1em;
  font-family: "Open Sans",sans-serif;
  height: 3em;
  width: 100%;
}

.c0 {
  text-align: left;
}

.c1 {
  display: none;
}

.c2 {
  width: calc(100% - 200px);
  float: left;
  background-image: url( search.svg );
  background-position: 18px 15px;
  background-size: 17px 17px;
  background-repeat: no-repeat;
  padding-left: 50px;
  margin-right: 24px;
}

.c5 {
  background-color: #fff;
  display: -webkit-box;
  display: -webkit-flex;
  display: -ms-flexbox;
  display: flex;
  -webkit-flex-wrap: wrap;
  -ms-flex-wrap: wrap;
  flex-wrap: wrap;
  padding-top: 24px;
  margin-top: 36px;
}

.c9 {
  font-size: 18px;
  font-weight: 400;
}

@media screen and ( min-width:1356px ) {
  .c10 {
    width: calc( ( 100% - 32px - 32px ) / 4 );
  }
}

@media screen and ( max-width:1355px ) {
  .c10 {
    width: calc( ( 100% - 32px ) / 2 );
  }
}

@media screen and ( max-width:800px ) {
  .c10 {
    width: 100%;
  }
}

@media screen and ( max-width:1355px ) {
  .c8 {
    padding: 24px;
  }
}

@media screen and ( max-width:800px ) {
  .c8 {
    padding: 16px;
  }
}

@media screen and ( max-width:1356px ) {
  .c2 {
    width: calc(100% - 86px);
    margin-right: 12px;
    padding-left: 10px;
  }
}

@media screen and ( max-width:800px ) {
  .c2 {
    width: calc(100% - 60px);
  }
}

<div>
  <div
    className="c0"
  >
    <label
      className="c1"
      htmlFor="search"
    >
      <span
        className="screen-reader-text "
      >
        Search downloads
      </span>
    </label>
    <input
      aria-describedby="search-description"
      autoCapitalize="off"
      autoComplete="off"
      autoCorrect="off"
      className="c2 c3"
      id="search"
      onChange={[Function]}
      spellCheck="false"
      type="text"
      value=""
    />
    <p
      className="screen-reader-text"
      id="search-description"
    >
      The search results will be updated as you type.
    </p>
  </div>
  <div
    className="c4"
  >
    <div
      className="c5"
    >
      <div
        className="c6"
      >
        <span
          className="c7 c8"
        >
          Plugins
          <span
            className="c9"
          >
            <span>
               - Need help installing these? 
              <a
                href="https://yoa.st/myyoast-installation"
                rel="noopener noreferrer"
                target="_blank"
              >
                Read our installation guides
              </a>
              .
            </span>
          </span>
        </span>
        
        <div
          className="c10"
        >
          <span
            className="c11"
          >
            Yoast SEO
          </span>
          <p
            className="c12"
          >
             
            version 4.7
          </p>
          <img
            alt=""
            className="c13"
            src="Yoast_SEO_Icon_Small.svg"
          />
          <ul
            className="c14"
          >
            <li
              className="c15"
            >
              <button
                aria-label="Download Yoast SEO for Wordpress"
                className="c16 c17 c18"
                onClick={[Function]}
                type="button"
              >
                Download
              </button>
              <p
                aria-hidden="true"
                className="c19"
              >
                for Wordpress
              </p>
            </li>
            <li
              className="c15"
            >
              <button
                aria-label="Download Yoast SEO for Drupal"
                className="c16 c17 c18"
                onClick={[Function]}
                type="button"
              >
                Download
              </button>
              <p
                aria-hidden="true"
                className="c19"
              >
                for Drupal
              </p>
            </li>
            <li
              className="c15"
            >
              <button
                aria-label="Download Yoast SEO for Typo3"
                className="c16 c17 c18"
                onClick={[Function]}
                type="button"
              >
                Download
              </button>
              <p
                aria-hidden="true"
                className="c19"
              >
                for Typo3
              </p>
            </li>
          </ul>
        </div>
        <div
          className="c10"
        >
          <span
            className="c11"
          >
            Local SEO
          </span>
          <p
            className="c12"
          >
             
            version 4.7
          </p>
          <img
            alt=""
            className="c13"
            src="Yoast_SEO_Icon_Small.svg"
          />
          <ul
            className="c14"
          >
            <li
              className="c15"
            >
              <button
                aria-label="Download Local SEO for Wordpress"
                className="c16 c17 c18"
                onClick={[Function]}
                type="button"
              >
                Download
              </button>
              <p
                aria-hidden="true"
                className="c19"
              >
                for Wordpress
              </p>
            </li>
          </ul>
        </div>
        <div
          className="c10"
        >
          <span
            className="c11"
          >
            Video SEO
          </span>
          <p
            className="c12"
          >
             
            version 4.7
          </p>
          <img
            alt=""
            className="c13"
            src="Yoast_SEO_Icon_Small.svg"
          />
          <ul
            className="c14"
          >
            <li
              className="c15"
            >
              <button
                aria-label="Download Video SEO for Wordpress"
                className="c16 c17 c18"
                onClick={[Function]}
                type="button"
              >
                Download
              </button>
              <p
                aria-hidden="true"
                className="c19"
              >
                for Wordpress
              </p>
            </li>
            <li
              className="c15"
            >
              <button
                aria-label="Download Video SEO for Drupal"
                className="c16 c17 c18"
                onClick={[Function]}
                type="button"
              >
                Download
              </button>
              <p
                aria-hidden="true"
                className="c19"
              >
                for Drupal
              </p>
            </li>
            <li
              className="c15"
            >
              <button
                aria-label="Download Video SEO for Typo3"
                className="c16 c17 c18"
                onClick={[Function]}
                type="button"
              >
                Download
              </button>
              <p
                aria-hidden="true"
                className="c19"
              >
                for Typo3
              </p>
            </li>
          </ul>
        </div>
        <div
          className="c10"
        >
          <span
            className="c11"
          >
            News SEO
          </span>
          <p
            className="c12"
          >
             
            version 4.7
          </p>
          <img
            alt=""
            className="c13"
            src="Yoast_SEO_Icon_Small.svg"
          />
          <ul
            className="c14"
          >
            <li
              className="c15"
            >
              <button
                aria-label="Download News SEO for Wordpress"
                className="c16 c17 c18"
                onClick={[Function]}
                type="button"
              >
                Download
              </button>
              <p
                aria-hidden="true"
                className="c19"
              >
                for Wordpress
              </p>
            </li>
            <li
              className="c15"
            >
              <button
                aria-label="Download News SEO for Drupal"
                className="c16 c17 c18"
                onClick={[Function]}
                type="button"
              >
                Download
              </button>
              <p
                aria-hidden="true"
                className="c19"
              >
                for Drupal
              </p>
            </li>
            <li
              className="c15"
            >
              <button
                aria-label="Download News SEO for Typo3"
                className="c16 c17 c18"
                onClick={[Function]}
                type="button"
              >
                Download
              </button>
              <p
                aria-hidden="true"
                className="c19"
              >
                for Typo3
              </p>
            </li>
          </ul>
        </div>
      </div>
      <div
        className="c6"
      >
        <span
          className="c7 c8"
        >
          eBooks
          <span
            className="c9"
          >
            <span>
               - Want to learn more about SEO? 
              <a
                href="https://yoa.st/academy"
                rel="noopener noreferrer"
                target="_blank"
              >
                Check out our SEO training courses
              </a>
              .
            </span>
          </span>
        </span>
        
        <div
          className="c10"
        >
          <span
            className="c11"
          >
            Yoast SEO for WooCommerce
          </span>
          
          <img
            alt=""
            className="c13"
            src="Yoast_SEO_Icon_Small.svg"
          />
          <ul
            className="c14"
          >
            <li
              className="c15"
            >
              <button
                aria-label="Download Yoast SEO for WooCommerce for Wordpress"
                className="c16 c17 c18"
                onClick={[Function]}
                type="button"
              >
                Download
              </button>
              <p
                aria-hidden="true"
                className="c19"
              >
                for Wordpress
              </p>
            </li>
          </ul>
        </div>
        <div
          className="c10"
        >
          <span
            className="c11"
          >
            Yoast SEO for WooCommerce
          </span>
          
          <img
            alt=""
            className="c13"
            src="Yoast_SEO_Icon_Small.svg"
          />
          <ul
            className="c14"
          >
            <li
              className="c15"
            >
              <button
                aria-label="Download Yoast SEO for WooCommerce for Wordpress"
                className="c16 c17 c18"
                onClick={[Function]}
                type="button"
              >
                Download
              </button>
              <p
                aria-hidden="true"
                className="c19"
              >
                for Wordpress
              </p>
            </li>
          </ul>
        </div>
        <div
          className="c10"
        >
          <span
            className="c11"
          >
            Yoast SEO for WooCommerce
          </span>
          
          <img
            alt=""
            className="c13"
            src="Yoast_SEO_Icon_Small.svg"
          />
          <ul
            className="c14"
          >
            <li
              className="c15"
            >
              <button
                aria-label="Download Yoast SEO for WooCommerce for Wordpress"
                className="c16 c17 c18"
                onClick={[Function]}
                type="button"
              >
                Download
              </button>
              <p
                aria-hidden="true"
                className="c19"
              >
                for Wordpress
              </p>
            </li>
          </ul>
        </div>
        <div
          className="c10"
        >
          <span
            className="c11"
          >
            Yoast SEO for WooCommerce
          </span>
          
          <img
            alt=""
            className="c13"
            src="Yoast_SEO_Icon_Small.svg"
          />
          <ul
            className="c14"
          >
            <li
              className="c15"
            >
              <button
                aria-label="Download Yoast SEO for WooCommerce for Wordpress"
                className="c16 c17 c18"
                onClick={[Function]}
                type="button"
              >
                Download
              </button>
              <p
                aria-hidden="true"
                className="c19"
              >
                for Wordpress
              </p>
            </li>
          </ul>
        </div>
      </div>
    </div>
  </div>
</div>
`;

exports[`the downloads page component matches the snapshot when there are no downloads 1`] = `
.c3 {
  display: inline-block;
  height: 48px;
  padding: 12px 16px;
  background-color: #64a60a;
  color: #fff;
  box-shadow: 0 2px 4px 0 rgba(0,0,0,0.2);
  border-radius: 4px;
  vertical-align: top;
  font: 700 14px/24px "Open Sans",sans-serif;
  -webkit-text-decoration: none;
  text-decoration: none;
  text-align: center;
  text-shadow: 0px 0px 2px #000;
  border-bottom: 4px solid rgba(0,0,0,0.2);
  -webkit-transition: background-color 150ms ease-out;
  transition: background-color 150ms ease-out;
}

.c3:hover,
.c3:focus {
  color: #fff;
}

.c3:hover,
.c3:focus {
  box-shadow: 0 4px 10px 0 rgba(0,0,0,0.2),inset 0 0 0 100px rgba( 0,0,0,0.1 );
}

.c3:active {
  -webkit-transform: translateY( 1px );
  -ms-transform: translateY( 1px );
  transform: translateY( 1px );
  box-shadow: none;
}

.c2 {
  min-width: 152px;
}

.c4 {
  -webkit-transform: translateY(1em);
  -ms-transform: translateY(1em);
  transform: translateY(1em);
}

.c0 {
  color: #000;
  text-align: center;
  align: center;
  margin-top: 10vh;
}

.c5 {
  height: auto;
  display: block;
  margin: 0 auto;
}

.c1 {
  margin-bottom: 2em;
}

@media screen and ( max-width:400px ) {
  .c5 {
    max-width: 240px;
  }
}

@media screen and ( min-width:400px ) {
  .c5 {
    max-width: 384px;
  }
}

<div
  className="c0"
>
  <p>
    <span>
      Welcome to the downloads overview.
    </span>
  </p>
  <p>
    <span>
      It looks like you haven’t bought any products with downloadable files yet.
    </span>
  </p>
  <p>
    <span>
      To browse our products, please visit:
    </span>
  </p>
  <a
    className="c1 c2 c3"
    href="https://yoast.com/shop/"
    rel="noopener noreferrer"
    target="_blank"
  >
    <span>
      Shop
    </span>
    <span
      className="screen-reader-text c4"
    >
      <span>
        (Opens in a new browser tab)
      </span>
    </span>
  </a>
  <img
    alt=""
    className="c5"
    src="noDownloads.svg"
  />
</div>
`;
