// Jest Snapshot v1, https://goo.gl/fbAQLP

exports[`the landing page component matches the snapshot 1`] = `
<div
  className="kNIZiW"
>
  <p>
    <span>
      I am a landing page
    </span>
  </p>
  <p>
    <a
      href="http://yoast.com"
      target="_blank"
    >
      yoast.com
      <span>
         
        <span
          className="screen-reader-text"
        >
          <span>
            (Opens in a new browser tab)
          </span>
        </span>
      </span>
    </a>
  </p>
  <img
    alt=""
    src="construction.svg"
  />
</div>
`;
