// Jest Snapshot v1, https://goo.gl/fbAQLP

exports[`the landing page component matches the snapshot 1`] = `
<div
  className="fFcAEY"
>
  <p>
    <span>
      I am a landing page
    </span>
  </p>
  <p>
    <a
      aria-label={undefined}
      className="egXoWD"
      href="http://yoast.com"
      rel="noopener noreferrer"
      target="_blank"
    >
      yoast.com
      <span
        className="screen-reader-text fuqaAG"
      >
        <span>
          (Opens in a new browser tab)
        </span>
      </span>
    </a>
  </p>
  <img
    alt=""
    src="construction.svg"
  />
</div>
`;
