// Jest Snapshot v1, https://goo.gl/fbAQLP

exports[`the responsive site header matches the snapshot 1`] = `
.c3 {
  height: 48px;
  margin: 0;
  padding: 0 16px;
  border: 0;
  background-color: #64a60a;
  color: #fff;
  box-shadow: inset 0 -4px 0 rgba(0,0,0,0.2);
  -webkit-filter: drop-shadow(0 2px 4px rgb(0,0,0,0.2));
  filter: drop-shadow(0 2px 4px rgb(0,0,0,0.2));
  border-radius: 4px;
  font: 700 14px/24px "Open Sans",sans-serif;
  cursor: pointer;
  vertical-align: top;
  -webkit-transition: background-color 150ms ease-out;
  transition: background-color 150ms ease-out;
}

.c3:hover,
.c3:focus {
  box-shadow: 0 4px 10px 0 rgba(0,0,0,0.2),inset 0 0 0 100px rgba( 0,0,0,0.1 );
}

.c3:active {
  -webkit-transform: translateY( 1px );
  -ms-transform: translateY( 1px );
  transform: translateY( 1px );
  box-shadow: none;
}

.c2 {
  background-repeat: no-repeat;
  background-image: url( logout.svg );
  background-position: 8px 50%;
  background-size: 24px;
  padding-left: 36px;
}

.c7 {
  background-repeat: no-repeat;
  background-image: url( question-circle.svg );
  background-position: 8px 50%;
  background-size: 24px;
  padding-left: 36px;
}

.c1 {
  background-color: transparent;
  box-shadow: none;
  display: block;
  position: fixed;
  border: 0;
}

.c1:hover,
.c1:focus {
  box-shadow: none;
}

.c5 {
  width: 88px;
  display: block;
  margin: 30px auto 25px;
}

.c4 {
  margin: 12px auto;
}

.c0 {
  display: inline-block;
  position: fixed;
  z-index: 1;
  width: 100%;
  height: 48px;
  top: 0;
  background-color: #a4286a;
}

.c6 {
  top: 0;
  right: 0;
}

@media screen and ( max-width:800px ) {
  .c1 {
    text-indent: -9999em;
    box-shadow: none;
  }
}

@media screen and ( max-width:1024px ) {
  .c5 {
    margin: 12px auto;
  }
}

@media screen and ( max-width:800px ) {
  .c6 {
    width: 36px;
  }
}

<header
  className="c0"
>
  <button
    className="c1 c2 c3"
    onClick={[Function]}
    type="button"
  >
    <span>
      Sign out
    </span>
  </button>
  <a
    href="/"
    onClick={[Function]}
  >
    <img
      alt="Home page"
      className="c4 c5"
      size="88px"
      src="logo.svg"
    />
  </a>
  <button
    className="c6 c1 c7 c3"
    onClick={[Function]}
    type="button"
  >
    <span>
      Need help?
    </span>
  </button>
</header>
`;
