// Jest Snapshot v1, https://goo.gl/fbAQLP

exports[`the responsive site header matches the snapshot 1`] = `
<header
  className="Bludo"
  role="banner"
>
  <button
    className="iArdEu"
    onClick={[Function]}
    type="button"
  >
    <span>
      Need help?
    </span>
  </button>
  <a
    href="/"
    onClick={[Function]}
  >
    <img
      alt="Home page"
      className="hIISaB"
      size="88px"
      src="logo.svg"
    />
  </a>
  <button
    className="kdOWzz"
    onClick={[Function]}
    type="button"
  >
    <span>
      Sign out
    </span>
  </button>
</header>
`;
