// Jest Snapshot v1, https://goo.gl/fbAQLP

exports[`the responsive site header matches the snapshot 1`] = `
<div
  className="hoACPf"
  role="banner"
>
  <button
    className="SPVtL"
    onClick={[Function]}
    type="button"
  >
    <span>
      Need help?
    </span>
  </button>
  <a
    href="/"
    onClick={[Function]}
  >
    <img
      alt="Home page"
      className="cfqaso"
      size="88px"
      src="logo.svg"
    />
  </a>
  <button
    className="eQCryy"
    onClick={[Function]}
    type="button"
  >
    <span>
      Sign out
    </span>
  </button>
</div>
`;
