exports[`test the nosites component handling an onclick event 1`] = `
<div
  className="fLQomB">
  <img
    alt=""
    src="nosites.png" />
  <p>
    <span>
      Welcome to the sites overview
    </span>
  </p>
  <p>
    <span>
      Here you will be able to manage all your
      sites that are running Yoast subscriptions.
    </span>
  </p>
  <p>
    <span>
      Press the button below to add your first site.
    </span>
  </p>
  <button
    aria-label="Add"
    className="fHbAvW"
    onClick={[Function]} />
</div>
`;

exports[`test the nosites component handling an onclick event 2`] = `
<div
  className="fLQomB">
  <img
    alt=""
    src="nosites.png" />
  <p>
    <span>
      Welcome to the sites overview
    </span>
  </p>
  <p>
    <span>
      Here you will be able to manage all your
      sites that are running Yoast subscriptions.
    </span>
  </p>
  <p>
    <span>
      Press the button below to add your first site.
    </span>
  </p>
  <button
    aria-label="Add"
    className="fHbAvW"
    onClick={[Function]} />
</div>
`;

exports[`test the nosites component matches the snapshot 1`] = `
<div
  className="fLQomB">
  <img
    alt=""
    src="nosites.png" />
  <p>
    <span>
      Welcome to the sites overview
    </span>
  </p>
  <p>
    <span>
      Here you will be able to manage all your
      sites that are running Yoast subscriptions.
    </span>
  </p>
  <p>
    <span>
      Press the button below to add your first site.
    </span>
  </p>
  <button
    aria-label="Add"
    className="fHbAvW"
    onClick={[Function]} />
</div>
`;
