exports[`test The Orders component matches the snapshot 1`] = `
<div
  className="dnTGWH">
  <ul
    className="dITYws"
    role="list">
    <li
      className="fFgZvB">
      <span
        className="OTulW">
        <span>
          May 20, 2012
        </span>
      </span>
      <span
        className="fKqvxj">
        MOOIE 123 TEST
      </span>
      <span
        className="eyKrwF">
        <span
          className="gLZwgs">
          <span
            className="gLZwgs">
            Name of the product
          </span>
          <span
            className="gLZwgs">
            Another product
          </span>
        </span>
      </span>
      <span
        className="jPvoSH">
        <span>
          €100.10
        </span>
      </span>
      <span
        className="dZeSps">
        completed
      </span>
      <span
        className="eYQFHK">
        <a
          aria-label="Download invoice"
          className="gjWJrZ"
          href="http://somelink"
          iconSource="download.svg"
          to="http://somelink">
          <span
            className="screen-reader-text">
            Invoice
          </span>
        </a>
      </span>
    </li>
  </ul>
</div>
`;
