exports[`test The Orders component matches the snapshot 1`] = `
<ul
  className="jtXnzZ"
  role="list">
  <div
    className="dnTGWH">
    <span>
      <li
        className="gSUJps">
        <span
          className="iEQIhL"
          label="Date">
          <span>
            May 20, 2012
          </span>
        </span>
        <span
          className="cydKsm"
          label="Order">
          MOOIE 123 TEST
        </span>
        <span
          className="kiPHFq"
          label="Items">
          TEST ITEM
        </span>
        <span
          className="iMMwZr"
          label="Total">
          <span>
            €100.10
          </span>
        </span>
        <span
          className="fkNUbp"
          label="Status">
          Failed
        </span>
        <span
          className="iTexxv"
          label="" />
      </li>
    </span>
  </div>
</ul>
`;
