exports[`test The Order component matches the snapshot 1`] = `
<li
  className="iYfqfc">
  <span
    className="iEQIhL"
    label="Date">
    N/A
  </span>
  <span
    className="kobEXB"
    label="Order number">
    N/A
  </span>
  <span
    className="kiPHFq"
    label="Items">
    N/A
  </span>
  <span
    className="iMMwZr"
    label="Total">
    N/A
  </span>
  <span
    className="fkNUbp"
    label="Status">
    N/A
  </span>
  <span
    className="iTexxv"
    label="" />
</li>
`;
