exports[`test the page not found component matches the snapshot 1`] = `
<div
  className="itqeKO">
  <p>
    <p>
      <span>
        <h1
          className="djDeXO">
           Oops. 
        </h1>
      </span>
    </p>
    <p>
      <span>
        I\'m afraid the page you are looking for does not exist...
      </span>
    </p>
    <p>
      <span>
        Maybe this 
        <a
          href="https://my.yoast.com/sitemap.xml">
          sitemap
        </a>
         will help?
      </span>
    </p>
    <p>
      <span>
        Or pick one of the menu items. Those pages definitely still exist.
      </span>
    </p>
  </p>
  <img
    alt=""
    src="PageNotFound.svg" />
</div>
`;
