exports[`test The Products component matches the snapshot 1`] = `
<div
  className="AWsFI">
  <h2
    className="bWDgOy">
    Products
    <span>
       - Buy here!
    </span>
  </h2>
  <div
    className="emPKkc">
    <h3
      className="bsRjPS">
      Yoast SEO
    </h3>
    <p
      className="jPEgOF">
       
      version 4.7
    </p>
    <img
      alt=""
      className="ieMZJu"
      src="Yoast_SEO_Icon_Small.svg" />
    <ul
      className="boOFOz">
      <li
        className="jVUpbY">
        <button
          aria-label="Download Yoast SEO for Wordpress"
          className="gAzDzu"
          onClick={[Function]}>
          Download
        </button>
        <p
          aria-hidden="true"
          className="cBxjGK">
          for Wordpress
        </p>
      </li>
      <li
        className="jVUpbY">
        <button
          aria-label="Download Yoast SEO for Drupal"
          className="gAzDzu"
          onClick={[Function]}>
          Download
        </button>
        <p
          aria-hidden="true"
          className="cBxjGK">
          for Drupal
        </p>
      </li>
    </ul>
  </div>
  <div
    className="emPKkc">
    <h3
      className="bsRjPS">
      Local SEO
    </h3>
    <p
      className="jPEgOF">
       
      version 4.7
    </p>
    <img
      alt=""
      className="ieMZJu"
      src="Yoast_SEO_Icon_Small.svg" />
    <ul
      className="boOFOz">
      <li
        className="jVUpbY">
        <button
          aria-label="Download Local SEO for Wordpress"
          className="gAzDzu"
          onClick={[Function]}>
          Download
        </button>
        <p
          aria-hidden="true"
          className="cBxjGK">
          for Wordpress
        </p>
      </li>
    </ul>
  </div>
  <div
    className="emPKkc">
    <h3
      className="bsRjPS">
      Video SEO
    </h3>
    <p
      className="jPEgOF">
       
      version 4.7
    </p>
    <img
      alt=""
      className="ieMZJu"
      src="Yoast_SEO_Icon_Small.svg" />
    <ul
      className="boOFOz">
      <li
        className="jVUpbY">
        <button
          aria-label="Download Video SEO for Wordpress"
          className="gAzDzu"
          onClick={[Function]}>
          Download
        </button>
        <p
          aria-hidden="true"
          className="cBxjGK">
          for Wordpress
        </p>
      </li>
      <li
        className="jVUpbY">
        <button
          aria-label="Download Video SEO for Drupal"
          className="gAzDzu"
          onClick={[Function]}>
          Download
        </button>
        <p
          aria-hidden="true"
          className="cBxjGK">
          for Drupal
        </p>
      </li>
      <li
        className="jVUpbY">
        <button
          aria-label="Download Video SEO for Typo3"
          className="gAzDzu"
          onClick={[Function]}>
          Download
        </button>
        <p
          aria-hidden="true"
          className="cBxjGK">
          for Typo3
        </p>
      </li>
    </ul>
  </div>
  <div
    className="emPKkc">
    <h3
      className="bsRjPS">
      News SEO
    </h3>
    <p
      className="jPEgOF">
       
      version 4.7
    </p>
    <img
      alt=""
      className="ieMZJu"
      src="Yoast_SEO_Icon_Small.svg" />
    <ul
      className="boOFOz">
      <li
        className="jVUpbY">
        <button
          aria-label="Download News SEO for Wordpress"
          className="gAzDzu"
          onClick={[Function]}>
          Download
        </button>
        <p
          aria-hidden="true"
          className="cBxjGK">
          for Wordpress
        </p>
      </li>
      <li
        className="jVUpbY">
        <button
          aria-label="Download News SEO for Drupal"
          className="gAzDzu"
          onClick={[Function]}>
          Download
        </button>
        <p
          aria-hidden="true"
          className="cBxjGK">
          for Drupal
        </p>
      </li>
      <li
        className="jVUpbY">
        <button
          aria-label="Download News SEO for Typo3"
          className="gAzDzu"
          onClick={[Function]}>
          Download
        </button>
        <p
          aria-hidden="true"
          className="cBxjGK">
          for Typo3
        </p>
      </li>
    </ul>
  </div>
  <div
    className="emPKkc">
    <h3
      className="bsRjPS">
      Yoast SEO for WooCommerce
    </h3>
    <p
      className="jPEgOF">
       
      version 4.7
    </p>
    <img
      alt=""
      className="ieMZJu"
      src="Yoast_SEO_Icon_Small.svg" />
    <ul
      className="boOFOz">
      <li
        className="jVUpbY">
        <button
          aria-label="Download Yoast SEO for WooCommerce for Wordpress"
          className="gAzDzu"
          onClick={[Function]}>
          Download
        </button>
        <p
          aria-hidden="true"
          className="cBxjGK">
          for Wordpress
        </p>
      </li>
    </ul>
  </div>
</div>
`;
