exports[`test the round back button matches the snapshot 1`] = `
<button
  className="hptRBL"
  type="button">
  ButtonValue
</button>
`;

exports[`test the round back button with button type given matches the snapshot 1`] = `
<button
  className="hptRBL"
  type="button">
  ButtonValue
</button>
`;
