exports[`test the search component matches the snapshot 1`] = `
<div>
  <label
    className="CbShq"
    htmlFor="search">
    <span
      className="screen-reader-text foqgVb">
      Search
    </span>
  </label>
  <input
    aria-describedby="searchDescription"
    className="bxzeun"
    id="search"
    placeholder="Search"
    type="text" />
  <p
    className="screen-reader-text fkCowi"
    id="searchDescription">
    The search results will be updated as you type.
  </p>
</div>
`;
