exports[`test the site subscription detail list component matches the snapshot 1`] = `
<div
  className="kfRyEM">
  <button
    className="ijipJx"
    onClick={[Function]}>
    <h2>
      Manage subscriptions
    </h2>
    <svg
      fill="#555"
      height={40}
      viewBox="0 0 24 24"
      width={40}>
      <path
        d="M7.41 7.84L12 12.42l4.59-4.58L18 9.25l-6 6-6-6z" />
    </svg>
  </button>
</div>
`;
