exports[`test the site component matches the snapshot 1`] = `
<li
  className="iCoagh">
  <span
    className="hhzmjS">
    <img
      alt=""
      className="bjVGHc"
      src="sites_black.svg" />
  </span>
  <span
    className="fwqmFH">
    yoast.com
  </span>
  <span
    className="buwONS">
    <span>
      <img
        alt="Test is active"
        className="dVJUOs"
        src="test.jpg" />
      <img
        alt="Test2 is active"
        className="dVJUOs"
        src="test.jpg" />
      <img
        alt="Test3 is inactive"
        className="jNYDQB"
        src="test.jpg" />
      <img
        alt="Test4 is inactive"
        className="jNYDQB"
        src="test.jpg" />
    </span>
  </span>
  <span
    className="bRJYKR" />
</li>
`;
