exports[`test the sites page component with a site matches the snapshot 1`] = `
<div>
  <div
    className="jCgOYH">
    <div>
      <label
        className="gOZvhE"
        htmlFor="search">
        <span
          className="screen-reader-text foqgVb">
          Search sites
        </span>
      </label>
      <input
        aria-describedby="search-description"
        autoCapitalize="off"
        autoComplete="off"
        autoCorrect="off"
        className="eCSBxO"
        id="search"
        onChange={[Function]}
        spellCheck="false"
        type="text"
        value="" />
      <p
        className="screen-reader-text foqgVb"
        id="search-description">
        The search results will be updated as you type.
      </p>
    </div>
    <button
      aria-label="Add"
      className="bFzQXD"
      onClick={[Function]} />
  </div>
  <div
    className="dnTGWH">
    <ul
      className="jplRhE"
      role="list">
      <li
        className="eSkKDa">
        <span
          className="hhzmjS">
          <img
            alt=""
            className="bjVGHc"
            src="https://yoast-mercury.s3.amazonaws.com/uploads/2013/02/Yoast_Icon_Large_RGB.png" />
        </span>
        <span
          className="fwqmFH">
          www.yoast.com
        </span>
        <span
          className="buwONS">
          <span>
            <img
              alt="Test is active"
              className="dVJUOs"
              src="test.jpg" />
            <img
              alt="Test2 is active"
              className="dVJUOs"
              src="test.jpg" />
            <img
              alt="Test3 is inactive"
              className="jNYDQB"
              src="test.jpg" />
            <img
              alt="Test4 is inactive"
              className="jNYDQB"
              src="test.jpg" />
          </span>
        </span>
        <span
          className="bRJYKR" />
      </li>
    </ul>
  </div>
  <div>
    <noscript />
  </div>
</div>
`;

exports[`test the sites page component with no sites matches the snapshot 1`] = `
<div>
  <div
    className="hqmxmg">
    <p>
      <span>
        Welcome to the sites overview
      </span>
    </p>
    <p>
      <span>
        Here you will be able to manage all your sites that are running Yoast subscriptions.
      </span>
    </p>
    <p>
      <span>
        Press the button below to add your first site.
      </span>
    </p>
    <button
      aria-label="Add"
      className="bFzQXD"
      onClick={[Function]} />
    <img
      alt=""
      className="dFOHLF"
      src="noSites.svg" />
  </div>
  <div>
    <noscript />
  </div>
</div>
`;

exports[`test the sites page component with sites handling an onclick event on the add site button 1`] = `
<div>
  <div
    className="jCgOYH">
    <div>
      <label
        className="gOZvhE"
        htmlFor="search">
        <span
          className="screen-reader-text foqgVb">
          Search sites
        </span>
      </label>
      <input
        aria-describedby="search-description"
        autoCapitalize="off"
        autoComplete="off"
        autoCorrect="off"
        className="eCSBxO"
        id="search"
        onChange={[Function]}
        spellCheck="false"
        type="text"
        value="" />
      <p
        className="screen-reader-text foqgVb"
        id="search-description">
        The search results will be updated as you type.
      </p>
    </div>
    <button
      aria-label="Add"
      className="bFzQXD"
      onClick={[Function]} />
  </div>
  <div
    className="dnTGWH">
    <ul
      className="jplRhE"
      role="list">
      <li
        className="eSkKDa">
        <span
          className="hhzmjS">
          <img
            alt=""
            className="bjVGHc"
            src="https://yoast-mercury.s3.amazonaws.com/uploads/2013/02/Yoast_Icon_Large_RGB.png" />
        </span>
        <span
          className="fwqmFH">
          www.yoast.com
        </span>
        <span
          className="buwONS">
          <span>
            <img
              alt="Test is active"
              className="dVJUOs"
              src="test.jpg" />
            <img
              alt="Test2 is active"
              className="dVJUOs"
              src="test.jpg" />
            <img
              alt="Test3 is inactive"
              className="jNYDQB"
              src="test.jpg" />
            <img
              alt="Test4 is inactive"
              className="jNYDQB"
              src="test.jpg" />
          </span>
        </span>
        <span
          className="bRJYKR" />
      </li>
    </ul>
  </div>
  <div>
    <noscript />
  </div>
</div>
`;

exports[`test the sites page component with sites handling an onclick event on the add site button 2`] = `
<div>
  <div
    className="jCgOYH">
    <div>
      <label
        className="gOZvhE"
        htmlFor="search">
        <span
          className="screen-reader-text foqgVb">
          Search sites
        </span>
      </label>
      <input
        aria-describedby="search-description"
        autoCapitalize="off"
        autoComplete="off"
        autoCorrect="off"
        className="eCSBxO"
        id="search"
        onChange={[Function]}
        spellCheck="false"
        type="text"
        value="" />
      <p
        className="screen-reader-text foqgVb"
        id="search-description">
        The search results will be updated as you type.
      </p>
    </div>
    <button
      aria-label="Add"
      className="bFzQXD"
      onClick={[Function]} />
  </div>
  <div
    className="dnTGWH">
    <ul
      className="jplRhE"
      role="list">
      <li
        className="eSkKDa">
        <span
          className="hhzmjS">
          <img
            alt=""
            className="bjVGHc"
            src="https://yoast-mercury.s3.amazonaws.com/uploads/2013/02/Yoast_Icon_Large_RGB.png" />
        </span>
        <span
          className="fwqmFH">
          www.yoast.com
        </span>
        <span
          className="buwONS">
          <span>
            <img
              alt="Test is active"
              className="dVJUOs"
              src="test.jpg" />
            <img
              alt="Test2 is active"
              className="dVJUOs"
              src="test.jpg" />
            <img
              alt="Test3 is inactive"
              className="jNYDQB"
              src="test.jpg" />
            <img
              alt="Test4 is inactive"
              className="jNYDQB"
              src="test.jpg" />
          </span>
        </span>
        <span
          className="bRJYKR" />
      </li>
    </ul>
  </div>
  <div>
    <noscript />
  </div>
</div>
`;

exports[`test the sites page component without sites handling an onclick event on the add site button 1`] = `
<div>
  <div
    className="hqmxmg">
    <p>
      <span>
        Welcome to the sites overview
      </span>
    </p>
    <p>
      <span>
        Here you will be able to manage all your sites that are running Yoast subscriptions.
      </span>
    </p>
    <p>
      <span>
        Press the button below to add your first site.
      </span>
    </p>
    <button
      aria-label="Add"
      className="bFzQXD"
      onClick={[Function]} />
    <img
      alt=""
      className="dFOHLF"
      src="noSites.svg" />
  </div>
  <div>
    <noscript />
  </div>
</div>
`;

exports[`test the sites page component without sites handling an onclick event on the add site button 2`] = `
<div>
  <div
    className="hqmxmg">
    <p>
      <span>
        Welcome to the sites overview
      </span>
    </p>
    <p>
      <span>
        Here you will be able to manage all your sites that are running Yoast subscriptions.
      </span>
    </p>
    <p>
      <span>
        Press the button below to add your first site.
      </span>
    </p>
    <button
      aria-label="Add"
      className="bFzQXD"
      onClick={[Function]} />
    <img
      alt=""
      className="dFOHLF"
      src="noSites.svg" />
  </div>
  <div>
    <noscript />
  </div>
</div>
`;
