exports[`test the site header matches the snapshot 1`] = `
<div
  className="kFyTbG">
  <h1
    className="irnCFt">
    placehold.it
  </h1>
  <div
    className="fIyvPW">
    <a
      className="iDMZUX"
      enabledStyle={true}
      href="/sites"
      iconSize="24px"
      onClick={[Function]}>
      <span>
        Back
      </span>
    </a>
    <a
      aria-label={undefined}
      className="hTpgWn"
      href="http://placehold.it//wp-admin">
      <span>
        Open WordPress admin
      </span>
      <span
        className="screen-reader-text">
        <span>
          (Opens in a new browser tab)
        </span>
      </span>
    </a>
  </div>
</div>
`;
