exports[`test the site component matches the snapshot 1`] = `
<li
  className="cVmsOO">
  <img
    alt=""
    className="gbwjzY"
    src="" />
  <span
    className="site-name fsIFsM">
    yoast.com
  </span>
  <span
    className="active-subscriptions jIDXxQ">
    <span>
      <span
        aria-label="Yoast SEO is inactive"
        className="JSgkp"
        role="img" />
      <span
        aria-label="Local SEO is inactive"
        className="bMBoOj"
        role="img" />
      <span
        aria-label="Video SEO is active"
        className="zjvCw"
        role="img" />
      <span
        aria-label="News SEO is inactive"
        className="kmesGi"
        role="img" />
      <span
        aria-label="WooCommerce SEO is active"
        className="jyjMPB"
        role="img" />
      <span
        aria-label="Local SEO for Woo is inactive"
        className="errgXr"
        role="img" />
    </span>
  </span>
</li>
`;
