exports[`test the site component matches the snapshot 1`] = `
<li
  className="iYfqfc">
  <span
    className="cpfBRH"
    label="">
    <img
      alt=""
      className="bjVGHc"
      src="" />
  </span>
  <span
    className="gghIYw"
    label="Site name">
    yoast.com
  </span>
  <span
    className="cozxmw"
    label="Active subscriptions">
    <div>
      <span
        aria-label="Yoast SEO is inactive"
        className="hGymDt"
        role="img" />
      <span
        aria-label="Local SEO is inactive"
        className="kswMOV"
        role="img" />
      <span
        aria-label="Video SEO is active"
        className="jzGgcX"
        role="img" />
      <span
        aria-label="News SEO is inactive"
        className="kdRmgg"
        role="img" />
      <span
        aria-label="WooCommerce SEO is active"
        className="gKxAXd"
        role="img" />
      <span
        aria-label="Local SEO for Woo is inactive"
        className="egmryf"
        role="img" />
    </div>
  </span>
  <span
    className="iTexxv"
    label="" />
</li>
`;
