exports[`test the site header matches the snapshot 1`] = `
<div
  className="gcVow">
  <h1
    className="jlnkwy">
    placehold.it
  </h1>
  <div
    className="fIyvPW">
    <a
      className="XCFoz"
      href="/sites"
      iconSource="angle-left.svg"
      onClick={[Function]}>
      <span>
        Back
      </span>
    </a>
    <a
      className="hTpgWn"
      href="http://placehold.it//wp-admin"
      iconSource="angle-right.svg"
      target="_blank"
      to="http://placehold.it//wp-admin">
      <span>
        Open WordPress admin
      </span>
      <span
        className="screen-reader-text">
        <span>
          (Opens in a new browser tab)
        </span>
      </span>
    </a>
  </div>
</div>
`;
