exports[`test the site subscription detail list component matches the snapshot 1`] = `
<div
  className="dnTGWH">
  <div
    className="cjKevG">
    <button
      aria-expanded={true}
      className="hZuiiC"
      onClick={[Function]}>
      <span>
        Manage subscriptions
      </span>
      <svg
        fill="#555"
        height={40}
        viewBox="0 0 24 24"
        width={40}>
        <path
          d="M7.41 15.41L12 10.83l4.59 4.58L18 14l-6-6-6 6z" />
      </svg>
    </button>
    <ul
      className="kYxQsj"
      role="list">
      <li
        className="bFLiCB">
        <span
          className="galWEB">
          <img
            alt=""
            className="cOhtuq"
            src="icon.png" />
          <span
            className="gputun">
            <div>
              <div
                aria-checked={false}
                aria-label="productid"
                className="kXYdPH"
                onClick={[Function]}
                onKeyDown={[Function]}
                role="checkbox"
                tabIndex="0">
                <span
                  className="gzLwoW" />
              </div>
              <span
                aria-hidden="true"
                className="iUAAtI">
                Off
              </span>
            </div>
          </span>
        </span>
        <div
          className="drFsFv">
          <span
            className="gwtpew">
            Yoast SEO Premium
          </span>
          <span
            className="kaVduD">
            <span>
               1 / 2 remaining 
            </span>
          </span>
        </div>
      </li>
      <li
        className="faPOmU">
        <span
          className="galWEB">
          <img
            alt=""
            className="cOhtuq"
            src="icon2.png" />
          <span
            className="gputun">
            <div>
              <div
                aria-checked={false}
                aria-label="productid2"
                className="kXYdPH"
                onClick={[Function]}
                onKeyDown={[Function]}
                role="checkbox"
                tabIndex="0">
                <span
                  className="gzLwoW" />
              </div>
              <span
                aria-hidden="true"
                className="iUAAtI">
                Off
              </span>
            </div>
          </span>
        </span>
        <div
          className="drFsFv">
          <span
            className="gwtpew">
            Yoast SEO Local
          </span>
          <span
            className="kaVduD">
            <span>
               0 / 2 remaining 
            </span>
          </span>
          <button
            className="dqWYTA">
            <span>
              Add another license for $1.23
            </span>
          </button>
        </div>
      </li>
    </ul>
  </div>
</div>
`;
