exports[`test the sites component matches the snapshot 1`] = `
<div
  className="dnTGWH">
  <ul
    className="jplRhE"
    role="list">
    <li
      className="ePzAao">
      <span
        className="gkVmfQ">
        <img
          alt=""
          className="bjVGHc"
          src="https://yoast-mercury.s3.amazonaws.com/uploads/2013/02/Yoast_Icon_Large_RGB.png" />
      </span>
      <span
        className="bjuwUh"
        data-label="Site name">
        www.yoast.com
      </span>
      <span
        className="iUuMqw"
        data-label="Active subscriptions">
        <span>
          <span
            aria-label="Yoast SEO is inactive"
            className="hGymDt"
            role="img" />
          <span
            aria-label="Local SEO is inactive"
            className="kswMOV"
            role="img" />
          <span
            aria-label="Video SEO is active"
            className="jzGgcX"
            role="img" />
          <span
            aria-label="News SEO is inactive"
            className="kdRmgg"
            role="img" />
          <span
            aria-label="WooCommerce SEO is active"
            className="gKxAXd"
            role="img" />
          <span
            aria-label="Local SEO for Woo is inactive"
            className="egmryf"
            role="img" />
        </span>
      </span>
      <span
        className="wBifc" />
    </li>
    <li
      className="dzHDCL">
      <span
        className="gkVmfQ">
        <img
          alt=""
          className="bjVGHc"
          src="https://yoast-mercury.s3.amazonaws.com/uploads/2013/02/Yoast_Icon_Large_RGB.png" />
      </span>
      <span
        className="bjuwUh"
        data-label="Site name">
        www.google.com
      </span>
      <span
        className="iUuMqw"
        data-label="Active subscriptions">
        <span>
          <span
            aria-label="Yoast SEO is inactive"
            className="hGymDt"
            role="img" />
          <span
            aria-label="Local SEO is active"
            className="dQulax"
            role="img" />
          <span
            aria-label="Video SEO is active"
            className="jzGgcX"
            role="img" />
          <span
            aria-label="News SEO is inactive"
            className="kdRmgg"
            role="img" />
          <span
            aria-label="WooCommerce SEO is active"
            className="gKxAXd"
            role="img" />
          <span
            aria-label="Local SEO for Woo is inactive"
            className="egmryf"
            role="img" />
        </span>
      </span>
      <span
        className="wBifc" />
    </li>
    <li
      className="ePzAao">
      <span
        className="gkVmfQ">
        <img
          alt=""
          className="bjVGHc"
          src="https://yoast-mercury.s3.amazonaws.com/uploads/2013/02/Yoast_Icon_Large_RGB.png" />
      </span>
      <span
        className="bjuwUh"
        data-label="Site name">
        www.facebook.com
      </span>
      <span
        className="iUuMqw"
        data-label="Active subscriptions">
        <span>
          <span
            aria-label="Yoast SEO is inactive"
            className="hGymDt"
            role="img" />
          <span
            aria-label="Local SEO is inactive"
            className="kswMOV"
            role="img" />
          <span
            aria-label="Video SEO is active"
            className="jzGgcX"
            role="img" />
          <span
            aria-label="News SEO is active"
            className="kKtOgl"
            role="img" />
          <span
            aria-label="WooCommerce SEO is active"
            className="gKxAXd"
            role="img" />
          <span
            aria-label="Local SEO for Woo is inactive"
            className="egmryf"
            role="img" />
        </span>
      </span>
      <span
        className="wBifc" />
    </li>
  </ul>
</div>
`;
