// Jest Snapshot v1, https://goo.gl/fbAQLP

exports[`the sites page component with a site matches the snapshot 1`] = `
.c10 {
  height: 48px;
  margin: 0;
  padding: 0 16px;
  border: 0;
  background-color: #64a60a;
  color: #fff;
  box-shadow: inset 0 -4px 0 rgba(0,0,0,0.2);
  -webkit-filter: drop-shadow(0 2px 4px rgb(0,0,0,0.2));
  filter: drop-shadow(0 2px 4px rgb(0,0,0,0.2));
  border-radius: 4px;
  font: 700 14px/24px "Open Sans",sans-serif;
  cursor: pointer;
  vertical-align: top;
  -webkit-transition: background-color 150ms ease-out;
  transition: background-color 150ms ease-out;
}

.c10:hover,
.c10:focus {
  box-shadow: 0 4px 10px 0 rgba(0,0,0,0.2),inset 0 0 0 100px rgba( 0,0,0,0.1 );
}

.c10:active {
  -webkit-transform: translateY( 1px );
  -ms-transform: translateY( 1px );
  transform: translateY( 1px );
  box-shadow: none;
}

.c9 {
  background-repeat: no-repeat;
  background-image: url( plus.svg );
  background-position: 8px 50%;
  background-size: 24px;
  padding-left: 36px;
}

.c8 {
  text-shadow: 0px 0px 2px #000;
}

.c7 {
  min-width: 152px;
}

.c17 {
  height: inherit;
}

.c12 {
  margin: 0;
  padding: 0;
  list-style: none;
  position: relative;
  width: 100%;
}

.c12 li:first-child > span::before {
  left: auto;
}

.c13 {
  background: #fff;
  min-height: 100px;
  display: -webkit-box;
  display: -webkit-flex;
  display: -ms-flexbox;
  display: flex;
  padding: 16px 24px;
  -webkit-align-items: center;
  -webkit-box-align: center;
  -ms-flex-align: center;
  align-items: center;
  -webkit-box-pack: justify;
  -webkit-justify-content: space-between;
  -ms-flex-pack: justify;
  justify-content: space-between;
}

.c13:first-child {
  margin-top: 64px;
}

.c16 {
  font-size: 14px;
  padding-left: 40px;
}

.c16:first-child {
  padding-left: 0;
}

.c16::before {
  position: absolute;
  left: -9999em;
  top: -30px;
  font-size: 1.286em;
  line-height: 0;
  content: none;
}

.c16::after {
  position: relative;
  display: inline-block;
  border-right: 2px solid #ddd;
  padding-right: 24px;
  height: 48px;
  content: "";
}

.c19 {
  font-size: 14px;
  padding-left: 40px;
  overflow: hidden;
  text-overflow: ellipsis;
  white-space: nowrap;
}

.c19:first-child {
  padding-left: 0;
}

.c19::before {
  position: absolute;
  left: -9999em;
  top: -30px;
  font-size: 1.286em;
  line-height: 0;
  content: "Site name";
}

.c21 {
  font-size: 14px;
  padding-left: 40px;
  overflow: hidden;
  text-overflow: ellipsis;
  white-space: nowrap;
}

.c21:first-child {
  padding-left: 0;
}

.c21::before {
  position: absolute;
  left: -9999em;
  top: -30px;
  font-size: 1.286em;
  line-height: 0;
  content: "Active subscriptions";
}

.c24 {
  font-size: 14px;
  padding-left: 40px;
}

.c24:first-child {
  padding-left: 0;
}

.c24::before {
  position: absolute;
  left: -9999em;
  top: -30px;
  font-size: 1.286em;
  line-height: 0;
  content: none;
}

.c18 {
  -webkit-flex: 1 0 200px;
  -ms-flex: 1 0 200px;
  flex: 1 0 200px;
}

.c15 {
  -webkit-flex: 0 0 auto;
  -ms-flex: 0 0 auto;
  flex: 0 0 auto;
}

.c14 {
  height: 48px;
}

.c22 {
  opacity: 1;
  width: 40px;
  height: 40px;
  float: left;
  margin-right: 10px;
}

.c22:nth-child(n+7) {
  margin-top: 10px;
}

.c23 {
  opacity: 0.2;
  width: 40px;
  height: 40px;
  float: left;
  margin-right: 10px;
}

.c23:nth-child(n+7) {
  margin-top: 10px;
}

.c20 {
  -webkit-flex-basis: 340px;
  -ms-flex-preferred-size: 340px;
  flex-basis: 340px;
}

.c11 {
  box-shadow: 0 2px 4px 0 rgba(0,0,0,0.2);
}

.c4 {
  box-shadow: inset 0 1px 8px 0 rgba(0,0,0,0.3);
  background: #fff;
  border: 0;
  padding: 0 0 0 10px;
  font-size: 1em;
  font-family: "Open Sans",sans-serif;
  height: 3em;
  width: 100%;
}

.c1 {
  text-align: left;
}

.c2 {
  display: none;
}

.c3 {
  width: calc(100% - 200px);
  float: left;
  background-image: url( search.svg );
  background-position: 18px 15px;
  background-size: 17px 17px;
  background-repeat: no-repeat;
  padding-left: 50px;
  margin-right: 24px;
}

.c0 {
  text-align: center;
}

.c5 {
  margin: 20px 0 36px 0;
}

@media screen and ( max-width:800px ) {
  .c6 {
    width: 100%;
    background-image: none;
    padding: 12px 16px;
  }
}

@media screen and ( max-width:800px ) {
  .c13 {
    padding: 16px;
  }
}

@media screen and ( max-width:800px ) {
  .c16::after {
    padding-right: 16px;
  }
}

@media screen and ( max-width:1355px ) {
  .c16 {
    padding-left: 20px;
  }
}

@media screen and ( max-width:1355px ) {
  .c19 {
    padding-left: 20px;
  }
}

@media screen and ( max-width:1355px ) {
  .c21 {
    padding-left: 20px;
    display: none;
  }
}

@media screen and ( max-width:800px ) {
  .c21 {
    display: none;
  }
}

@media screen and ( max-width:1355px ) {
  .c24 {
    padding-left: 20px;
  }
}

@media screen and ( max-width:800px ) {
  .c18 {
    -webkit-flex-shrink: 1;
    -ms-flex-negative: 1;
    flex-shrink: 1;
  }
}

@media screen and ( max-width:1356px ) {
  .c3 {
    width: calc(100% - 84px);
    margin-right: 8px;
  }
}

@media screen and ( max-width:800px ) {
  .c3 {
    margin-right: 18px;
  }
}

<div>
  <div
    className="c0"
  >
    <div
      className="c1"
    >
      <label
        className="c2"
        htmlFor="search"
      >
        <span
          className="screen-reader-text "
        >
          Search sites
        </span>
      </label>
      <input
        aria-describedby="search-description"
        autoCapitalize="off"
        autoComplete="off"
        autoCorrect="off"
        className="c3 c4"
        id="search"
        onChange={[Function]}
        spellCheck="false"
        type="text"
        value=""
      />
      <p
        className="screen-reader-text"
        id="search-description"
      >
        The search results will be updated as you type.
      </p>
    </div>
    <button
      className="c5 c6 c7 c8 c9 c10"
      onClick={[Function]}
      type="button"
    >
      <span>
        Add site
      </span>
    </button>
  </div>
  <div
    className="c11"
  >
    <ul
      className="c12"
      role="list"
    >
      <li
        className="c13"
      >
        <span
          className="c14 c15 c16"
        >
          <img
            alt=""
            className="c17"
            src="https://yoast-mercury.s3.amazonaws.com/uploads/2013/02/Yoast_Icon_Large_RGB.png"
          />
        </span>
        <span
          className="c18 c19"
        >
          www.yoast.com
        </span>
        <span
          className="c20 c15 c21"
        >
          <span>
            <img
              alt="Test is active"
              className="c22"
              src="test.jpg"
            />
            <img
              alt="Test2 is active"
              className="c22"
              src="test.jpg"
            />
            <img
              alt="Test3 is inactive"
              className="c23"
              src="test.jpg"
            />
            <img
              alt="Test4 is inactive"
              className="c23"
              src="test.jpg"
            />
          </span>
        </span>
        <span
          className="c15 c24"
        />
      </li>
    </ul>
  </div>
</div>
`;

exports[`the sites page component with sites handling an onclick event on the add site button 1`] = `
.c10 {
  height: 48px;
  margin: 0;
  padding: 0 16px;
  border: 0;
  background-color: #64a60a;
  color: #fff;
  box-shadow: inset 0 -4px 0 rgba(0,0,0,0.2);
  -webkit-filter: drop-shadow(0 2px 4px rgb(0,0,0,0.2));
  filter: drop-shadow(0 2px 4px rgb(0,0,0,0.2));
  border-radius: 4px;
  font: 700 14px/24px "Open Sans",sans-serif;
  cursor: pointer;
  vertical-align: top;
  -webkit-transition: background-color 150ms ease-out;
  transition: background-color 150ms ease-out;
}

.c10:hover,
.c10:focus {
  box-shadow: 0 4px 10px 0 rgba(0,0,0,0.2),inset 0 0 0 100px rgba( 0,0,0,0.1 );
}

.c10:active {
  -webkit-transform: translateY( 1px );
  -ms-transform: translateY( 1px );
  transform: translateY( 1px );
  box-shadow: none;
}

.c9 {
  background-repeat: no-repeat;
  background-image: url( plus.svg );
  background-position: 8px 50%;
  background-size: 24px;
  padding-left: 36px;
}

.c8 {
  text-shadow: 0px 0px 2px #000;
}

.c7 {
  min-width: 152px;
}

.c17 {
  height: inherit;
}

.c12 {
  margin: 0;
  padding: 0;
  list-style: none;
  position: relative;
  width: 100%;
}

.c12 li:first-child > span::before {
  left: auto;
}

.c13 {
  background: #fff;
  min-height: 100px;
  display: -webkit-box;
  display: -webkit-flex;
  display: -ms-flexbox;
  display: flex;
  padding: 16px 24px;
  -webkit-align-items: center;
  -webkit-box-align: center;
  -ms-flex-align: center;
  align-items: center;
  -webkit-box-pack: justify;
  -webkit-justify-content: space-between;
  -ms-flex-pack: justify;
  justify-content: space-between;
}

.c13:first-child {
  margin-top: 64px;
}

.c16 {
  font-size: 14px;
  padding-left: 40px;
}

.c16:first-child {
  padding-left: 0;
}

.c16::before {
  position: absolute;
  left: -9999em;
  top: -30px;
  font-size: 1.286em;
  line-height: 0;
  content: none;
}

.c16::after {
  position: relative;
  display: inline-block;
  border-right: 2px solid #ddd;
  padding-right: 24px;
  height: 48px;
  content: "";
}

.c19 {
  font-size: 14px;
  padding-left: 40px;
  overflow: hidden;
  text-overflow: ellipsis;
  white-space: nowrap;
}

.c19:first-child {
  padding-left: 0;
}

.c19::before {
  position: absolute;
  left: -9999em;
  top: -30px;
  font-size: 1.286em;
  line-height: 0;
  content: "Site name";
}

.c21 {
  font-size: 14px;
  padding-left: 40px;
  overflow: hidden;
  text-overflow: ellipsis;
  white-space: nowrap;
}

.c21:first-child {
  padding-left: 0;
}

.c21::before {
  position: absolute;
  left: -9999em;
  top: -30px;
  font-size: 1.286em;
  line-height: 0;
  content: "Active subscriptions";
}

.c24 {
  font-size: 14px;
  padding-left: 40px;
}

.c24:first-child {
  padding-left: 0;
}

.c24::before {
  position: absolute;
  left: -9999em;
  top: -30px;
  font-size: 1.286em;
  line-height: 0;
  content: none;
}

.c18 {
  -webkit-flex: 1 0 200px;
  -ms-flex: 1 0 200px;
  flex: 1 0 200px;
}

.c15 {
  -webkit-flex: 0 0 auto;
  -ms-flex: 0 0 auto;
  flex: 0 0 auto;
}

.c14 {
  height: 48px;
}

.c22 {
  opacity: 1;
  width: 40px;
  height: 40px;
  float: left;
  margin-right: 10px;
}

.c22:nth-child(n+7) {
  margin-top: 10px;
}

.c23 {
  opacity: 0.2;
  width: 40px;
  height: 40px;
  float: left;
  margin-right: 10px;
}

.c23:nth-child(n+7) {
  margin-top: 10px;
}

.c20 {
  -webkit-flex-basis: 340px;
  -ms-flex-preferred-size: 340px;
  flex-basis: 340px;
}

.c11 {
  box-shadow: 0 2px 4px 0 rgba(0,0,0,0.2);
}

.c4 {
  box-shadow: inset 0 1px 8px 0 rgba(0,0,0,0.3);
  background: #fff;
  border: 0;
  padding: 0 0 0 10px;
  font-size: 1em;
  font-family: "Open Sans",sans-serif;
  height: 3em;
  width: 100%;
}

.c1 {
  text-align: left;
}

.c2 {
  display: none;
}

.c3 {
  width: calc(100% - 200px);
  float: left;
  background-image: url( search.svg );
  background-position: 18px 15px;
  background-size: 17px 17px;
  background-repeat: no-repeat;
  padding-left: 50px;
  margin-right: 24px;
}

.c0 {
  text-align: center;
}

.c5 {
  margin: 20px 0 36px 0;
}

@media screen and ( max-width:800px ) {
  .c6 {
    width: 100%;
    background-image: none;
    padding: 12px 16px;
  }
}

@media screen and ( max-width:800px ) {
  .c13 {
    padding: 16px;
  }
}

@media screen and ( max-width:800px ) {
  .c16::after {
    padding-right: 16px;
  }
}

@media screen and ( max-width:1355px ) {
  .c16 {
    padding-left: 20px;
  }
}

@media screen and ( max-width:1355px ) {
  .c19 {
    padding-left: 20px;
  }
}

@media screen and ( max-width:1355px ) {
  .c21 {
    padding-left: 20px;
    display: none;
  }
}

@media screen and ( max-width:800px ) {
  .c21 {
    display: none;
  }
}

@media screen and ( max-width:1355px ) {
  .c24 {
    padding-left: 20px;
  }
}

@media screen and ( max-width:800px ) {
  .c18 {
    -webkit-flex-shrink: 1;
    -ms-flex-negative: 1;
    flex-shrink: 1;
  }
}

@media screen and ( max-width:1356px ) {
  .c3 {
    width: calc(100% - 84px);
    margin-right: 8px;
  }
}

@media screen and ( max-width:800px ) {
  .c3 {
    margin-right: 18px;
  }
}

<div>
  <div
    className="c0"
  >
    <div
      className="c1"
    >
      <label
        className="c2"
        htmlFor="search"
      >
        <span
          className="screen-reader-text "
        >
          Search sites
        </span>
      </label>
      <input
        aria-describedby="search-description"
        autoCapitalize="off"
        autoComplete="off"
        autoCorrect="off"
        className="c3 c4"
        id="search"
        onChange={[Function]}
        spellCheck="false"
        type="text"
        value=""
      />
      <p
        className="screen-reader-text"
        id="search-description"
      >
        The search results will be updated as you type.
      </p>
    </div>
    <button
      className="c5 c6 c7 c8 c9 c10"
      onClick={[Function]}
      type="button"
    >
      <span>
        Add site
      </span>
    </button>
  </div>
  <div
    className="c11"
  >
    <ul
      className="c12"
      role="list"
    >
      <li
        className="c13"
      >
        <span
          className="c14 c15 c16"
        >
          <img
            alt=""
            className="c17"
            src="https://yoast-mercury.s3.amazonaws.com/uploads/2013/02/Yoast_Icon_Large_RGB.png"
          />
        </span>
        <span
          className="c18 c19"
        >
          www.yoast.com
        </span>
        <span
          className="c20 c15 c21"
        >
          <span>
            <img
              alt="Test is active"
              className="c22"
              src="test.jpg"
            />
            <img
              alt="Test2 is active"
              className="c22"
              src="test.jpg"
            />
            <img
              alt="Test3 is inactive"
              className="c23"
              src="test.jpg"
            />
            <img
              alt="Test4 is inactive"
              className="c23"
              src="test.jpg"
            />
          </span>
        </span>
        <span
          className="c15 c24"
        />
      </li>
    </ul>
  </div>
</div>
`;

exports[`the sites page component with sites handling an onclick event on the add site button 2`] = `
.c10 {
  height: 48px;
  margin: 0;
  padding: 0 16px;
  border: 0;
  background-color: #64a60a;
  color: #fff;
  box-shadow: inset 0 -4px 0 rgba(0,0,0,0.2);
  -webkit-filter: drop-shadow(0 2px 4px rgb(0,0,0,0.2));
  filter: drop-shadow(0 2px 4px rgb(0,0,0,0.2));
  border-radius: 4px;
  font: 700 14px/24px "Open Sans",sans-serif;
  cursor: pointer;
  vertical-align: top;
  -webkit-transition: background-color 150ms ease-out;
  transition: background-color 150ms ease-out;
}

.c10:hover,
.c10:focus {
  box-shadow: 0 4px 10px 0 rgba(0,0,0,0.2),inset 0 0 0 100px rgba( 0,0,0,0.1 );
}

.c10:active {
  -webkit-transform: translateY( 1px );
  -ms-transform: translateY( 1px );
  transform: translateY( 1px );
  box-shadow: none;
}

.c9 {
  background-repeat: no-repeat;
  background-image: url( plus.svg );
  background-position: 8px 50%;
  background-size: 24px;
  padding-left: 36px;
}

.c8 {
  text-shadow: 0px 0px 2px #000;
}

.c7 {
  min-width: 152px;
}

.c17 {
  height: inherit;
}

.c12 {
  margin: 0;
  padding: 0;
  list-style: none;
  position: relative;
  width: 100%;
}

.c12 li:first-child > span::before {
  left: auto;
}

.c13 {
  background: #fff;
  min-height: 100px;
  display: -webkit-box;
  display: -webkit-flex;
  display: -ms-flexbox;
  display: flex;
  padding: 16px 24px;
  -webkit-align-items: center;
  -webkit-box-align: center;
  -ms-flex-align: center;
  align-items: center;
  -webkit-box-pack: justify;
  -webkit-justify-content: space-between;
  -ms-flex-pack: justify;
  justify-content: space-between;
}

.c13:first-child {
  margin-top: 64px;
}

.c16 {
  font-size: 14px;
  padding-left: 40px;
}

.c16:first-child {
  padding-left: 0;
}

.c16::before {
  position: absolute;
  left: -9999em;
  top: -30px;
  font-size: 1.286em;
  line-height: 0;
  content: none;
}

.c16::after {
  position: relative;
  display: inline-block;
  border-right: 2px solid #ddd;
  padding-right: 24px;
  height: 48px;
  content: "";
}

.c19 {
  font-size: 14px;
  padding-left: 40px;
  overflow: hidden;
  text-overflow: ellipsis;
  white-space: nowrap;
}

.c19:first-child {
  padding-left: 0;
}

.c19::before {
  position: absolute;
  left: -9999em;
  top: -30px;
  font-size: 1.286em;
  line-height: 0;
  content: "Site name";
}

.c21 {
  font-size: 14px;
  padding-left: 40px;
  overflow: hidden;
  text-overflow: ellipsis;
  white-space: nowrap;
}

.c21:first-child {
  padding-left: 0;
}

.c21::before {
  position: absolute;
  left: -9999em;
  top: -30px;
  font-size: 1.286em;
  line-height: 0;
  content: "Active subscriptions";
}

.c24 {
  font-size: 14px;
  padding-left: 40px;
}

.c24:first-child {
  padding-left: 0;
}

.c24::before {
  position: absolute;
  left: -9999em;
  top: -30px;
  font-size: 1.286em;
  line-height: 0;
  content: none;
}

.c18 {
  -webkit-flex: 1 0 200px;
  -ms-flex: 1 0 200px;
  flex: 1 0 200px;
}

.c15 {
  -webkit-flex: 0 0 auto;
  -ms-flex: 0 0 auto;
  flex: 0 0 auto;
}

.c14 {
  height: 48px;
}

.c22 {
  opacity: 1;
  width: 40px;
  height: 40px;
  float: left;
  margin-right: 10px;
}

.c22:nth-child(n+7) {
  margin-top: 10px;
}

.c23 {
  opacity: 0.2;
  width: 40px;
  height: 40px;
  float: left;
  margin-right: 10px;
}

.c23:nth-child(n+7) {
  margin-top: 10px;
}

.c20 {
  -webkit-flex-basis: 340px;
  -ms-flex-preferred-size: 340px;
  flex-basis: 340px;
}

.c11 {
  box-shadow: 0 2px 4px 0 rgba(0,0,0,0.2);
}

.c4 {
  box-shadow: inset 0 1px 8px 0 rgba(0,0,0,0.3);
  background: #fff;
  border: 0;
  padding: 0 0 0 10px;
  font-size: 1em;
  font-family: "Open Sans",sans-serif;
  height: 3em;
  width: 100%;
}

.c1 {
  text-align: left;
}

.c2 {
  display: none;
}

.c3 {
  width: calc(100% - 200px);
  float: left;
  background-image: url( search.svg );
  background-position: 18px 15px;
  background-size: 17px 17px;
  background-repeat: no-repeat;
  padding-left: 50px;
  margin-right: 24px;
}

.c0 {
  text-align: center;
}

.c5 {
  margin: 20px 0 36px 0;
}

@media screen and ( max-width:800px ) {
  .c6 {
    width: 100%;
    background-image: none;
    padding: 12px 16px;
  }
}

@media screen and ( max-width:800px ) {
  .c13 {
    padding: 16px;
  }
}

@media screen and ( max-width:800px ) {
  .c16::after {
    padding-right: 16px;
  }
}

@media screen and ( max-width:1355px ) {
  .c16 {
    padding-left: 20px;
  }
}

@media screen and ( max-width:1355px ) {
  .c19 {
    padding-left: 20px;
  }
}

@media screen and ( max-width:1355px ) {
  .c21 {
    padding-left: 20px;
    display: none;
  }
}

@media screen and ( max-width:800px ) {
  .c21 {
    display: none;
  }
}

@media screen and ( max-width:1355px ) {
  .c24 {
    padding-left: 20px;
  }
}

@media screen and ( max-width:800px ) {
  .c18 {
    -webkit-flex-shrink: 1;
    -ms-flex-negative: 1;
    flex-shrink: 1;
  }
}

@media screen and ( max-width:1356px ) {
  .c3 {
    width: calc(100% - 84px);
    margin-right: 8px;
  }
}

@media screen and ( max-width:800px ) {
  .c3 {
    margin-right: 18px;
  }
}

<div>
  <div
    className="c0"
  >
    <div
      className="c1"
    >
      <label
        className="c2"
        htmlFor="search"
      >
        <span
          className="screen-reader-text "
        >
          Search sites
        </span>
      </label>
      <input
        aria-describedby="search-description"
        autoCapitalize="off"
        autoComplete="off"
        autoCorrect="off"
        className="c3 c4"
        id="search"
        onChange={[Function]}
        spellCheck="false"
        type="text"
        value=""
      />
      <p
        className="screen-reader-text"
        id="search-description"
      >
        The search results will be updated as you type.
      </p>
    </div>
    <button
      className="c5 c6 c7 c8 c9 c10"
      onClick={[Function]}
      type="button"
    >
      <span>
        Add site
      </span>
    </button>
  </div>
  <div
    className="c11"
  >
    <ul
      className="c12"
      role="list"
    >
      <li
        className="c13"
      >
        <span
          className="c14 c15 c16"
        >
          <img
            alt=""
            className="c17"
            src="https://yoast-mercury.s3.amazonaws.com/uploads/2013/02/Yoast_Icon_Large_RGB.png"
          />
        </span>
        <span
          className="c18 c19"
        >
          www.yoast.com
        </span>
        <span
          className="c20 c15 c21"
        >
          <span>
            <img
              alt="Test is active"
              className="c22"
              src="test.jpg"
            />
            <img
              alt="Test2 is active"
              className="c22"
              src="test.jpg"
            />
            <img
              alt="Test3 is inactive"
              className="c23"
              src="test.jpg"
            />
            <img
              alt="Test4 is inactive"
              className="c23"
              src="test.jpg"
            />
          </span>
        </span>
        <span
          className="c15 c24"
        />
      </li>
    </ul>
  </div>
</div>
`;

exports[`the sites page component without sites handling an onclick event on the add site button 1`] = `
.c5 {
  height: 48px;
  margin: 0;
  padding: 0 16px;
  border: 0;
  background-color: #64a60a;
  color: #fff;
  box-shadow: inset 0 -4px 0 rgba(0,0,0,0.2);
  -webkit-filter: drop-shadow(0 2px 4px rgb(0,0,0,0.2));
  filter: drop-shadow(0 2px 4px rgb(0,0,0,0.2));
  border-radius: 4px;
  font: 700 14px/24px "Open Sans",sans-serif;
  cursor: pointer;
  vertical-align: top;
  -webkit-transition: background-color 150ms ease-out;
  transition: background-color 150ms ease-out;
}

.c5:hover,
.c5:focus {
  box-shadow: 0 4px 10px 0 rgba(0,0,0,0.2),inset 0 0 0 100px rgba( 0,0,0,0.1 );
}

.c5:active {
  -webkit-transform: translateY( 1px );
  -ms-transform: translateY( 1px );
  transform: translateY( 1px );
  box-shadow: none;
}

.c4 {
  background-repeat: no-repeat;
  background-image: url( plus.svg );
  background-position: 8px 50%;
  background-size: 24px;
  padding-left: 36px;
}

.c3 {
  text-shadow: 0px 0px 2px #000;
}

.c2 {
  min-width: 152px;
}

.c0 {
  color: #000;
  text-align: center;
  align: center;
  margin-top: 10vh;
}

.c6 {
  height: auto;
  display: block;
  margin: 0 auto;
}

.c1 {
  margin-bottom: 2em;
}

@media screen and ( max-width:400px ) {
  .c6 {
    max-width: 240px;
  }
}

@media screen and ( min-width:400px ) {
  .c6 {
    max-width: 384px;
  }
}

<div>
  <div
    className="c0"
  >
    <p>
      <span>
        Welcome to the sites overview.
      </span>
    </p>
    <p>
      <span>
        Here you will be able to manage all your sites that are running Yoast subscriptions.
      </span>
    </p>
    <p>
      <span>
        Press the button below to add your first site.
      </span>
    </p>
    <button
      className="c1 c2 c3 c4 c5"
      onClick={[Function]}
      type="button"
    >
      <span>
        Add site
      </span>
    </button>
    <img
      alt=""
      className="c6"
      src="noSites.svg"
    />
  </div>
</div>
`;

exports[`the sites page component without sites handling an onclick event on the add site button 2`] = `
.c5 {
  height: 48px;
  margin: 0;
  padding: 0 16px;
  border: 0;
  background-color: #64a60a;
  color: #fff;
  box-shadow: inset 0 -4px 0 rgba(0,0,0,0.2);
  -webkit-filter: drop-shadow(0 2px 4px rgb(0,0,0,0.2));
  filter: drop-shadow(0 2px 4px rgb(0,0,0,0.2));
  border-radius: 4px;
  font: 700 14px/24px "Open Sans",sans-serif;
  cursor: pointer;
  vertical-align: top;
  -webkit-transition: background-color 150ms ease-out;
  transition: background-color 150ms ease-out;
}

.c5:hover,
.c5:focus {
  box-shadow: 0 4px 10px 0 rgba(0,0,0,0.2),inset 0 0 0 100px rgba( 0,0,0,0.1 );
}

.c5:active {
  -webkit-transform: translateY( 1px );
  -ms-transform: translateY( 1px );
  transform: translateY( 1px );
  box-shadow: none;
}

.c4 {
  background-repeat: no-repeat;
  background-image: url( plus.svg );
  background-position: 8px 50%;
  background-size: 24px;
  padding-left: 36px;
}

.c3 {
  text-shadow: 0px 0px 2px #000;
}

.c2 {
  min-width: 152px;
}

.c0 {
  color: #000;
  text-align: center;
  align: center;
  margin-top: 10vh;
}

.c6 {
  height: auto;
  display: block;
  margin: 0 auto;
}

.c1 {
  margin-bottom: 2em;
}

@media screen and ( max-width:400px ) {
  .c6 {
    max-width: 240px;
  }
}

@media screen and ( min-width:400px ) {
  .c6 {
    max-width: 384px;
  }
}

<div>
  <div
    className="c0"
  >
    <p>
      <span>
        Welcome to the sites overview.
      </span>
    </p>
    <p>
      <span>
        Here you will be able to manage all your sites that are running Yoast subscriptions.
      </span>
    </p>
    <p>
      <span>
        Press the button below to add your first site.
      </span>
    </p>
    <button
      className="c1 c2 c3 c4 c5"
      onClick={[Function]}
      type="button"
    >
      <span>
        Add site
      </span>
    </button>
    <img
      alt=""
      className="c6"
      src="noSites.svg"
    />
  </div>
</div>
`;
