// Jest Snapshot v1, https://goo.gl/fbAQLP

exports[`the site dangerzone matches the snapshot 1`] = `
<div
  className="dnTGWH"
>
  <div
    className="cxrbkq"
  >
    <button
      aria-expanded={false}
      className="hJrCTB"
      onClick={[Function]}
    >
      <span
        className="ObzGJ"
      >
        <span>
          Disconnect this site
        </span>
        <svg
          fill="#555"
          height={40}
          viewBox="0 0 24 24"
          width={40}
        >
          <path
            d="M7.41 7.84L12 12.42l4.59-4.58L18 9.25l-6 6-6-6z"
          />
        </svg>
      </span>
      <span
        className="GHtNJ"
      />
    </button>
  </div>
</div>
`;

exports[`the site dangerzone onRemove handling 1`] = `
<div
  className="dnTGWH"
>
  <div
    className="cxrbkq"
  >
    <button
      aria-expanded={false}
      className="hJrCTB"
      onClick={[Function]}
    >
      <span
        className="ObzGJ"
      >
        <span>
          Disconnect this site
        </span>
        <svg
          fill="#555"
          height={40}
          viewBox="0 0 24 24"
          width={40}
        >
          <path
            d="M7.41 7.84L12 12.42l4.59-4.58L18 9.25l-6 6-6-6z"
          />
        </svg>
      </span>
      <span
        className="GHtNJ"
      />
    </button>
  </div>
</div>
`;

exports[`the site dangerzone onRemove handling 2`] = `
<div
  className="dnTGWH"
>
  <div
    className="cxrbkq"
  >
    <button
      aria-expanded={false}
      className="hJrCTB"
      onClick={[Function]}
    >
      <span
        className="ObzGJ"
      >
        <span>
          Disconnect this site
        </span>
        <svg
          fill="#555"
          height={40}
          viewBox="0 0 24 24"
          width={40}
        >
          <path
            d="M7.41 7.84L12 12.42l4.59-4.58L18 9.25l-6 6-6-6z"
          />
        </svg>
      </span>
      <span
        className="GHtNJ"
      />
    </button>
  </div>
</div>
`;

exports[`the site dangerzone with removing = true matches the snapshot 1`] = `
<div
  className="dnTGWH"
>
  <div
    className="cxrbkq"
  >
    <button
      aria-expanded={false}
      className="hJrCTB"
      onClick={[Function]}
    >
      <span
        className="ObzGJ"
      >
        <span>
          Disconnect this site
        </span>
        <svg
          fill="#555"
          height={40}
          viewBox="0 0 24 24"
          width={40}
        >
          <path
            d="M7.41 7.84L12 12.42l4.59-4.58L18 9.25l-6 6-6-6z"
          />
        </svg>
      </span>
      <span
        className="GHtNJ"
      />
    </button>
  </div>
</div>
`;
