// Jest Snapshot v1, https://goo.gl/fbAQLP

exports[`the sites page component with a site matches the snapshot 1`] = `
.c8 {
  height: 48px;
  margin: 0;
  padding: 0 16px;
  border: 0;
  border-bottom: 2px solid rgba(0,0,0,0.2);
  background-color: #64a60a;
  color: #fff;
  box-shadow: 0 2px 4px 0 rgba(0,0,0,0.2);
  border-radius: 4px;
  font: 400 14px/24px "Open Sans",sans-serif;
  text-transform: uppercase;
  cursor: pointer;
  vertical-align: top;
  -webkit-transition: background-color 150ms ease-out;
  transition: background-color 150ms ease-out;
}

.c8:hover,
.c8:focus {
  box-shadow: 0 4px 10px 0 rgba(0,0,0,0.2),inset 0 0 0 100px rgba( 0,0,0,0.1 );
}

.c8:active {
  -webkit-transform: translateY( 1px );
  -ms-transform: translateY( 1px );
  transform: translateY( 1px );
  box-shadow: none;
}

.c18 {
  height: 48px;
  margin: 0;
  padding: 0 16px;
  border: 0;
  border-bottom: 2px solid rgba(0,0,0,0.2);
  background-color: #a0a5aa;
  color: #fff;
  box-shadow: 0 2px 4px 0 rgba(0,0,0,0.2);
  border-radius: 4px;
  font: 400 14px/24px "Open Sans",sans-serif;
  text-transform: uppercase;
  cursor: pointer;
  vertical-align: top;
  -webkit-transition: background-color 150ms ease-out;
  transition: background-color 150ms ease-out;
}

.c18:hover,
.c18:focus {
  box-shadow: 0 4px 10px 0 rgba(0,0,0,0.2),inset 0 0 0 100px rgba( 0,0,0,0.1 );
}

.c18:active {
  -webkit-transform: translateY( 1px );
  -ms-transform: translateY( 1px );
  transform: translateY( 1px );
  box-shadow: none;
}

.c7 {
  background-repeat: no-repeat;
  background-image: url( plus.svg );
  background-position: 8px 50%;
  background-size: 24px;
  padding-left: 36px;
}

.c17 {
  text-shadow: 0px 0px 2px #000;
}

.c16 {
  min-width: 152px;
}

.c6 {
  text-shadow: 0px 0px 2px #000;
}

.c5 {
  min-width: 152px;
}

.c24 {
  height: inherit;
}

.c19 {
  margin: 0;
  padding: 0;
  list-style: none;
  position: relative;
  width: 100%;
}

.c19 li:first-child > span::before {
  left: auto;
}

.c20 {
  background: #fff;
  min-height: 100px;
  display: -webkit-box;
  display: -webkit-flex;
  display: -ms-flexbox;
  display: flex;
  padding: 16px 24px;
  -webkit-align-items: center;
  -webkit-box-align: center;
  -ms-flex-align: center;
  align-items: center;
  -webkit-box-pack: justify;
  -webkit-justify-content: space-between;
  -ms-flex-pack: justify;
  justify-content: space-between;
}

.c20:first-child {
  margin-top: 64px;
}

.c23 {
  font-size: 14px;
  padding-left: 40px;
}

.c23:first-child {
  padding-left: 0;
}

.c23::before {
  position: absolute;
  left: -9999em;
  top: -30px;
  font-size: 1.286em;
  line-height: 0;
  content: none;
}

.c23::after {
  position: relative;
  display: inline-block;
  border-right: 2px solid #ddd;
  padding-right: 24px;
  height: 48px;
  content: "";
}

.c26 {
  font-size: 14px;
  padding-left: 40px;
  overflow: hidden;
  text-overflow: ellipsis;
  white-space: nowrap;
}

.c26:first-child {
  padding-left: 0;
}

.c26::before {
  position: absolute;
  left: -9999em;
  top: -30px;
  font-size: 1.286em;
  line-height: 0;
  content: "Site name";
}

.c28 {
  font-size: 14px;
  padding-left: 40px;
  overflow: hidden;
  text-overflow: ellipsis;
  white-space: nowrap;
}

.c28:first-child {
  padding-left: 0;
}

.c28::before {
  position: absolute;
  left: -9999em;
  top: -30px;
  font-size: 1.286em;
  line-height: 0;
  content: "Active subscriptions";
}

.c31 {
  font-size: 14px;
  padding-left: 40px;
}

.c31:first-child {
  padding-left: 0;
}

.c31::before {
  position: absolute;
  left: -9999em;
  top: -30px;
  font-size: 1.286em;
  line-height: 0;
  content: none;
}

.c25 {
  -webkit-flex: 1 0 200px;
  -ms-flex: 1 0 200px;
  flex: 1 0 200px;
}

.c22 {
  -webkit-flex: 0 0 auto;
  -ms-flex: 0 0 auto;
  flex: 0 0 auto;
}

.c21 {
  height: 48px;
}

.c29 {
  opacity: 1;
  width: 40px;
  height: 40px;
  float: left;
  margin-right: 10px;
}

.c29:nth-child(n+7) {
  margin-top: 10px;
}

.c30 {
  opacity: 0.2;
  width: 40px;
  height: 40px;
  float: left;
  margin-right: 10px;
}

.c30:nth-child(n+7) {
  margin-top: 10px;
}

.c27 {
  -webkit-flex-basis: 340px;
  -ms-flex-preferred-size: 340px;
  flex-basis: 340px;
}

.c9 {
  box-shadow: 0 2px 4px 0 rgba(0,0,0,0.2);
}

.c10 {
  background-color: #fff;
  padding: 16px 24px;
}

.c3 {
  box-shadow: inset 0 1px 8px 0 rgba(0,0,0,0.3);
  background: #fff;
  border: 0;
  padding: 0 0 0 10px;
  font-size: 1em;
  font-family: "Open Sans",sans-serif;
  height: 3em;
  width: 100%;
}

.c1 {
  background-image: url( search.svg );
  background-size: 25px;
  background-position: left center;
  background-repeat: no-repeat;
  width: 40px;
  height: 50px;
  float: left;
}

.c2 {
  width: calc(100% - 40px);
}

.c11 {
  font-weight: 300;
  font-size: 1.3em;
  margin: 0;
}

.c14 {
  width: 100%;
  box-shadow: 0 2px 4px 0 rgba(0,0,0,0.2);
}

.c14.is-focused:not(.is-open) > .Select-control {
  border-color: #64a60a;
  box-shadow: none;
  background: #fff;
}

.c14 .Select-control {
  height: 48px;
  border-radius: 0;
}

.c14 .Select-placeholder {
  line-height: 48px;
  color: #646464;
}

.c14.Select--single > .Select-control .Select-value {
  line-height: 48px;
}

.c14 .Select-value-label {
  line-height: 48px;
}

.c14 .Select-input {
  line-height: 48px;
}

.c14 .Select-option {
  color: #000;
}

.c14 .Select-option.is-selected {
  background-color: #6dff003d;
}

.c14 .Select-option.is-focused {
  background-color: #64a60a;
  color: #fff;
}

.c13 {
  display: -webkit-box;
  display: -webkit-flex;
  display: -ms-flexbox;
  display: flex;
  width: 100%;
}

.c13 >:last-child {
  margin-left: 8px;
}

.c12 {
  display: inline-block;
  font-size: 1em;
  margin: 16px 0 8px;
}

.c15 {
  white-space: nowrap;
  min-width: initial;
}

.c0 {
  text-align: center;
}

.c0 button {
  margin: 20px 0 36px 0;
}

@media screen and ( max-width:800px ) {
  .c4 {
    width: 100%;
    background-image: none;
    padding: 12px 16px;
  }
}

@media screen and ( max-width:800px ) {
  .c20 {
    padding: 16px;
  }
}

@media screen and ( max-width:800px ) {
  .c23::after {
    padding-right: 16px;
  }
}

@media screen and ( max-width:1355px ) {
  .c23 {
    padding-left: 20px;
  }
}

@media screen and ( max-width:1355px ) {
  .c26 {
    padding-left: 20px;
  }
}

@media screen and ( max-width:1355px ) {
  .c28 {
    padding-left: 20px;
    display: none;
  }
}

@media screen and ( max-width:800px ) {
  .c28 {
    display: none;
  }
}

@media screen and ( max-width:1355px ) {
  .c31 {
    padding-left: 20px;
  }
}

@media screen and ( max-width:800px ) {
  .c25 {
    -webkit-flex-shrink: 1;
    -ms-flex-negative: 1;
    flex-shrink: 1;
  }
}

@media screen and ( max-width:800px ) {
  .c13 {
    display: block;
    height: auto;
  }
}

@media screen and ( max-width:800px ) {
  .c13 >:last-child {
    margin-left: 0;
    margin-top: 8px;
  }
}

<div>
  <div
    className="c0"
  >
    <div>
      <label
        className="c1"
        htmlFor="search"
      >
        <span
          className="screen-reader-text "
        >
          Search sites
        </span>
      </label>
      <input
        aria-describedby="search-description"
        autoCapitalize="off"
        autoComplete="off"
        autoCorrect="off"
        className="c2 c3"
        id="search"
        onChange={[Function]}
        spellCheck="false"
        type="text"
        value=""
        width="100%"
      />
      <p
        className="screen-reader-text"
        id="search-description"
      >
        The search results will be updated as you type.
      </p>
    </div>
    <button
      aria-label="Add site"
      className="c4 c5 c6 c7 c8"
      onClick={[Function]}
      type="button"
    >
      <span>
        Add site
      </span>
    </button>
  </div>
  <div
    className="c9"
  >
    <div
      className="c10"
    >
      <h2
        className="c11"
      >
        Configuration Service
      </h2>
      <p>
        <span>
          You have 1 available configuration service, which you can apply to one of your websites.
        </span>
        <br />
        <span>
          Select a website in the drop-down list below, and click on "request configuration service" to open the intake form.
        </span>
      </p>
      <label
        className="c12"
        htmlFor="configuration-service-select-website"
      >
        <span>
          Select a website:
        </span>
      </label>
      <span
        className="c13"
      >
        <mockSelectComponent
          className="c14"
          id="configuration-service-select-website"
          name="form-field-name"
          onChange={[Function]}
          placeholder="Open the list of websites..."
          value=""
        />
        <button
          className="c15 c4 c16 Button-kDSBcD c17 c18"
          onClick={[Function]}
          type="button"
        >
          Request configuration service
        </button>
      </span>
    </div>
  </div>
  <div
    className="c9"
  >
    <ul
      className="c19"
      role="list"
    >
      <li
        className="c20"
      >
        <span
          className="c21 c22 c23"
        >
          <img
            alt=""
            className="c24"
            src="https://yoast-mercury.s3.amazonaws.com/uploads/2013/02/Yoast_Icon_Large_RGB.png"
          />
        </span>
        <span
          className="c25 c26"
        >
          www.yoast.com
        </span>
        <span
          className="c27 c22 c28"
        >
          <span>
            <img
              alt="Test is active"
              className="c29"
              src="test.jpg"
            />
            <img
              alt="Test2 is active"
              className="c29"
              src="test.jpg"
            />
            <img
              alt="Test3 is inactive"
              className="c30"
              src="test.jpg"
            />
            <img
              alt="Test4 is inactive"
              className="c30"
              src="test.jpg"
            />
          </span>
        </span>
        <span
          className="c22 c31"
        />
      </li>
    </ul>
  </div>
</div>
`;

exports[`the sites page component with sites handling an onclick event on the add site button 1`] = `
.c8 {
  height: 48px;
  margin: 0;
  padding: 0 16px;
  border: 0;
  border-bottom: 2px solid rgba(0,0,0,0.2);
  background-color: #64a60a;
  color: #fff;
  box-shadow: 0 2px 4px 0 rgba(0,0,0,0.2);
  border-radius: 4px;
  font: 400 14px/24px "Open Sans",sans-serif;
  text-transform: uppercase;
  cursor: pointer;
  vertical-align: top;
  -webkit-transition: background-color 150ms ease-out;
  transition: background-color 150ms ease-out;
}

.c8:hover,
.c8:focus {
  box-shadow: 0 4px 10px 0 rgba(0,0,0,0.2),inset 0 0 0 100px rgba( 0,0,0,0.1 );
}

.c8:active {
  -webkit-transform: translateY( 1px );
  -ms-transform: translateY( 1px );
  transform: translateY( 1px );
  box-shadow: none;
}

.c18 {
  height: 48px;
  margin: 0;
  padding: 0 16px;
  border: 0;
  border-bottom: 2px solid rgba(0,0,0,0.2);
  background-color: #a0a5aa;
  color: #fff;
  box-shadow: 0 2px 4px 0 rgba(0,0,0,0.2);
  border-radius: 4px;
  font: 400 14px/24px "Open Sans",sans-serif;
  text-transform: uppercase;
  cursor: pointer;
  vertical-align: top;
  -webkit-transition: background-color 150ms ease-out;
  transition: background-color 150ms ease-out;
}

.c18:hover,
.c18:focus {
  box-shadow: 0 4px 10px 0 rgba(0,0,0,0.2),inset 0 0 0 100px rgba( 0,0,0,0.1 );
}

.c18:active {
  -webkit-transform: translateY( 1px );
  -ms-transform: translateY( 1px );
  transform: translateY( 1px );
  box-shadow: none;
}

.c7 {
  background-repeat: no-repeat;
  background-image: url( plus.svg );
  background-position: 8px 50%;
  background-size: 24px;
  padding-left: 36px;
}

.c17 {
  text-shadow: 0px 0px 2px #000;
}

.c16 {
  min-width: 152px;
}

.c6 {
  text-shadow: 0px 0px 2px #000;
}

.c5 {
  min-width: 152px;
}

.c24 {
  height: inherit;
}

.c19 {
  margin: 0;
  padding: 0;
  list-style: none;
  position: relative;
  width: 100%;
}

.c19 li:first-child > span::before {
  left: auto;
}

.c20 {
  background: #fff;
  min-height: 100px;
  display: -webkit-box;
  display: -webkit-flex;
  display: -ms-flexbox;
  display: flex;
  padding: 16px 24px;
  -webkit-align-items: center;
  -webkit-box-align: center;
  -ms-flex-align: center;
  align-items: center;
  -webkit-box-pack: justify;
  -webkit-justify-content: space-between;
  -ms-flex-pack: justify;
  justify-content: space-between;
}

.c20:first-child {
  margin-top: 64px;
}

.c23 {
  font-size: 14px;
  padding-left: 40px;
}

.c23:first-child {
  padding-left: 0;
}

.c23::before {
  position: absolute;
  left: -9999em;
  top: -30px;
  font-size: 1.286em;
  line-height: 0;
  content: none;
}

.c23::after {
  position: relative;
  display: inline-block;
  border-right: 2px solid #ddd;
  padding-right: 24px;
  height: 48px;
  content: "";
}

.c26 {
  font-size: 14px;
  padding-left: 40px;
  overflow: hidden;
  text-overflow: ellipsis;
  white-space: nowrap;
}

.c26:first-child {
  padding-left: 0;
}

.c26::before {
  position: absolute;
  left: -9999em;
  top: -30px;
  font-size: 1.286em;
  line-height: 0;
  content: "Site name";
}

.c28 {
  font-size: 14px;
  padding-left: 40px;
  overflow: hidden;
  text-overflow: ellipsis;
  white-space: nowrap;
}

.c28:first-child {
  padding-left: 0;
}

.c28::before {
  position: absolute;
  left: -9999em;
  top: -30px;
  font-size: 1.286em;
  line-height: 0;
  content: "Active subscriptions";
}

.c31 {
  font-size: 14px;
  padding-left: 40px;
}

.c31:first-child {
  padding-left: 0;
}

.c31::before {
  position: absolute;
  left: -9999em;
  top: -30px;
  font-size: 1.286em;
  line-height: 0;
  content: none;
}

.c25 {
  -webkit-flex: 1 0 200px;
  -ms-flex: 1 0 200px;
  flex: 1 0 200px;
}

.c22 {
  -webkit-flex: 0 0 auto;
  -ms-flex: 0 0 auto;
  flex: 0 0 auto;
}

.c21 {
  height: 48px;
}

.c29 {
  opacity: 1;
  width: 40px;
  height: 40px;
  float: left;
  margin-right: 10px;
}

.c29:nth-child(n+7) {
  margin-top: 10px;
}

.c30 {
  opacity: 0.2;
  width: 40px;
  height: 40px;
  float: left;
  margin-right: 10px;
}

.c30:nth-child(n+7) {
  margin-top: 10px;
}

.c27 {
  -webkit-flex-basis: 340px;
  -ms-flex-preferred-size: 340px;
  flex-basis: 340px;
}

.c9 {
  box-shadow: 0 2px 4px 0 rgba(0,0,0,0.2);
}

.c10 {
  background-color: #fff;
  padding: 16px 24px;
}

.c3 {
  box-shadow: inset 0 1px 8px 0 rgba(0,0,0,0.3);
  background: #fff;
  border: 0;
  padding: 0 0 0 10px;
  font-size: 1em;
  font-family: "Open Sans",sans-serif;
  height: 3em;
  width: 100%;
}

.c1 {
  background-image: url( search.svg );
  background-size: 25px;
  background-position: left center;
  background-repeat: no-repeat;
  width: 40px;
  height: 50px;
  float: left;
}

.c2 {
  width: calc(100% - 40px);
}

.c11 {
  font-weight: 300;
  font-size: 1.3em;
  margin: 0;
}

.c14 {
  width: 100%;
  box-shadow: 0 2px 4px 0 rgba(0,0,0,0.2);
}

.c14.is-focused:not(.is-open) > .Select-control {
  border-color: #64a60a;
  box-shadow: none;
  background: #fff;
}

.c14 .Select-control {
  height: 48px;
  border-radius: 0;
}

.c14 .Select-placeholder {
  line-height: 48px;
  color: #646464;
}

.c14.Select--single > .Select-control .Select-value {
  line-height: 48px;
}

.c14 .Select-value-label {
  line-height: 48px;
}

.c14 .Select-input {
  line-height: 48px;
}

.c14 .Select-option {
  color: #000;
}

.c14 .Select-option.is-selected {
  background-color: #6dff003d;
}

.c14 .Select-option.is-focused {
  background-color: #64a60a;
  color: #fff;
}

.c13 {
  display: -webkit-box;
  display: -webkit-flex;
  display: -ms-flexbox;
  display: flex;
  width: 100%;
}

.c13 >:last-child {
  margin-left: 8px;
}

.c12 {
  display: inline-block;
  font-size: 1em;
  margin: 16px 0 8px;
}

.c15 {
  white-space: nowrap;
  min-width: initial;
}

.c0 {
  text-align: center;
}

.c0 button {
  margin: 20px 0 36px 0;
}

@media screen and ( max-width:800px ) {
  .c4 {
    width: 100%;
    background-image: none;
    padding: 12px 16px;
  }
}

@media screen and ( max-width:800px ) {
  .c20 {
    padding: 16px;
  }
}

@media screen and ( max-width:800px ) {
  .c23::after {
    padding-right: 16px;
  }
}

@media screen and ( max-width:1355px ) {
  .c23 {
    padding-left: 20px;
  }
}

@media screen and ( max-width:1355px ) {
  .c26 {
    padding-left: 20px;
  }
}

@media screen and ( max-width:1355px ) {
  .c28 {
    padding-left: 20px;
    display: none;
  }
}

@media screen and ( max-width:800px ) {
  .c28 {
    display: none;
  }
}

@media screen and ( max-width:1355px ) {
  .c31 {
    padding-left: 20px;
  }
}

@media screen and ( max-width:800px ) {
  .c25 {
    -webkit-flex-shrink: 1;
    -ms-flex-negative: 1;
    flex-shrink: 1;
  }
}

@media screen and ( max-width:800px ) {
  .c13 {
    display: block;
    height: auto;
  }
}

@media screen and ( max-width:800px ) {
  .c13 >:last-child {
    margin-left: 0;
    margin-top: 8px;
  }
}

<div>
  <div
    className="c0"
  >
    <div>
      <label
        className="c1"
        htmlFor="search"
      >
        <span
          className="screen-reader-text "
        >
          Search sites
        </span>
      </label>
      <input
        aria-describedby="search-description"
        autoCapitalize="off"
        autoComplete="off"
        autoCorrect="off"
        className="c2 c3"
        id="search"
        onChange={[Function]}
        spellCheck="false"
        type="text"
        value=""
        width="100%"
      />
      <p
        className="screen-reader-text"
        id="search-description"
      >
        The search results will be updated as you type.
      </p>
    </div>
    <button
      aria-label="Add site"
      className="c4 c5 c6 c7 c8"
      onClick={[Function]}
      type="button"
    >
      <span>
        Add site
      </span>
    </button>
  </div>
  <div
    className="c9"
  >
    <div
      className="c10"
    >
      <h2
        className="c11"
      >
        Configuration Service
      </h2>
      <p>
        <span>
          You have 1 available configuration service, which you can apply to one of your websites.
        </span>
        <br />
        <span>
          Select a website in the drop-down list below, and click on "request configuration service" to open the intake form.
        </span>
      </p>
      <label
        className="c12"
        htmlFor="configuration-service-select-website"
      >
        <span>
          Select a website:
        </span>
      </label>
      <span
        className="c13"
      >
        <mockSelectComponent
          className="c14"
          id="configuration-service-select-website"
          name="form-field-name"
          onChange={[Function]}
          placeholder="Open the list of websites..."
          value=""
        />
        <button
          className="c15 c4 c16 Button-kDSBcD c17 c18"
          onClick={[Function]}
          type="button"
        >
          Request configuration service
        </button>
      </span>
    </div>
  </div>
  <div
    className="c9"
  >
    <ul
      className="c19"
      role="list"
    >
      <li
        className="c20"
      >
        <span
          className="c21 c22 c23"
        >
          <img
            alt=""
            className="c24"
            src="https://yoast-mercury.s3.amazonaws.com/uploads/2013/02/Yoast_Icon_Large_RGB.png"
          />
        </span>
        <span
          className="c25 c26"
        >
          www.yoast.com
        </span>
        <span
          className="c27 c22 c28"
        >
          <span>
            <img
              alt="Test is active"
              className="c29"
              src="test.jpg"
            />
            <img
              alt="Test2 is active"
              className="c29"
              src="test.jpg"
            />
            <img
              alt="Test3 is inactive"
              className="c30"
              src="test.jpg"
            />
            <img
              alt="Test4 is inactive"
              className="c30"
              src="test.jpg"
            />
          </span>
        </span>
        <span
          className="c22 c31"
        />
      </li>
    </ul>
  </div>
</div>
`;

exports[`the sites page component with sites handling an onclick event on the add site button 2`] = `
.c8 {
  height: 48px;
  margin: 0;
  padding: 0 16px;
  border: 0;
  border-bottom: 2px solid rgba(0,0,0,0.2);
  background-color: #64a60a;
  color: #fff;
  box-shadow: 0 2px 4px 0 rgba(0,0,0,0.2);
  border-radius: 4px;
  font: 400 14px/24px "Open Sans",sans-serif;
  text-transform: uppercase;
  cursor: pointer;
  vertical-align: top;
  -webkit-transition: background-color 150ms ease-out;
  transition: background-color 150ms ease-out;
}

.c8:hover,
.c8:focus {
  box-shadow: 0 4px 10px 0 rgba(0,0,0,0.2),inset 0 0 0 100px rgba( 0,0,0,0.1 );
}

.c8:active {
  -webkit-transform: translateY( 1px );
  -ms-transform: translateY( 1px );
  transform: translateY( 1px );
  box-shadow: none;
}

.c18 {
  height: 48px;
  margin: 0;
  padding: 0 16px;
  border: 0;
  border-bottom: 2px solid rgba(0,0,0,0.2);
  background-color: #a0a5aa;
  color: #fff;
  box-shadow: 0 2px 4px 0 rgba(0,0,0,0.2);
  border-radius: 4px;
  font: 400 14px/24px "Open Sans",sans-serif;
  text-transform: uppercase;
  cursor: pointer;
  vertical-align: top;
  -webkit-transition: background-color 150ms ease-out;
  transition: background-color 150ms ease-out;
}

.c18:hover,
.c18:focus {
  box-shadow: 0 4px 10px 0 rgba(0,0,0,0.2),inset 0 0 0 100px rgba( 0,0,0,0.1 );
}

.c18:active {
  -webkit-transform: translateY( 1px );
  -ms-transform: translateY( 1px );
  transform: translateY( 1px );
  box-shadow: none;
}

.c7 {
  background-repeat: no-repeat;
  background-image: url( plus.svg );
  background-position: 8px 50%;
  background-size: 24px;
  padding-left: 36px;
}

.c17 {
  text-shadow: 0px 0px 2px #000;
}

.c16 {
  min-width: 152px;
}

.c6 {
  text-shadow: 0px 0px 2px #000;
}

.c5 {
  min-width: 152px;
}

.c24 {
  height: inherit;
}

.c19 {
  margin: 0;
  padding: 0;
  list-style: none;
  position: relative;
  width: 100%;
}

.c19 li:first-child > span::before {
  left: auto;
}

.c20 {
  background: #fff;
  min-height: 100px;
  display: -webkit-box;
  display: -webkit-flex;
  display: -ms-flexbox;
  display: flex;
  padding: 16px 24px;
  -webkit-align-items: center;
  -webkit-box-align: center;
  -ms-flex-align: center;
  align-items: center;
  -webkit-box-pack: justify;
  -webkit-justify-content: space-between;
  -ms-flex-pack: justify;
  justify-content: space-between;
}

.c20:first-child {
  margin-top: 64px;
}

.c23 {
  font-size: 14px;
  padding-left: 40px;
}

.c23:first-child {
  padding-left: 0;
}

.c23::before {
  position: absolute;
  left: -9999em;
  top: -30px;
  font-size: 1.286em;
  line-height: 0;
  content: none;
}

.c23::after {
  position: relative;
  display: inline-block;
  border-right: 2px solid #ddd;
  padding-right: 24px;
  height: 48px;
  content: "";
}

.c26 {
  font-size: 14px;
  padding-left: 40px;
  overflow: hidden;
  text-overflow: ellipsis;
  white-space: nowrap;
}

.c26:first-child {
  padding-left: 0;
}

.c26::before {
  position: absolute;
  left: -9999em;
  top: -30px;
  font-size: 1.286em;
  line-height: 0;
  content: "Site name";
}

.c28 {
  font-size: 14px;
  padding-left: 40px;
  overflow: hidden;
  text-overflow: ellipsis;
  white-space: nowrap;
}

.c28:first-child {
  padding-left: 0;
}

.c28::before {
  position: absolute;
  left: -9999em;
  top: -30px;
  font-size: 1.286em;
  line-height: 0;
  content: "Active subscriptions";
}

.c31 {
  font-size: 14px;
  padding-left: 40px;
}

.c31:first-child {
  padding-left: 0;
}

.c31::before {
  position: absolute;
  left: -9999em;
  top: -30px;
  font-size: 1.286em;
  line-height: 0;
  content: none;
}

.c25 {
  -webkit-flex: 1 0 200px;
  -ms-flex: 1 0 200px;
  flex: 1 0 200px;
}

.c22 {
  -webkit-flex: 0 0 auto;
  -ms-flex: 0 0 auto;
  flex: 0 0 auto;
}

.c21 {
  height: 48px;
}

.c29 {
  opacity: 1;
  width: 40px;
  height: 40px;
  float: left;
  margin-right: 10px;
}

.c29:nth-child(n+7) {
  margin-top: 10px;
}

.c30 {
  opacity: 0.2;
  width: 40px;
  height: 40px;
  float: left;
  margin-right: 10px;
}

.c30:nth-child(n+7) {
  margin-top: 10px;
}

.c27 {
  -webkit-flex-basis: 340px;
  -ms-flex-preferred-size: 340px;
  flex-basis: 340px;
}

.c9 {
  box-shadow: 0 2px 4px 0 rgba(0,0,0,0.2);
}

.c10 {
  background-color: #fff;
  padding: 16px 24px;
}

.c3 {
  box-shadow: inset 0 1px 8px 0 rgba(0,0,0,0.3);
  background: #fff;
  border: 0;
  padding: 0 0 0 10px;
  font-size: 1em;
  font-family: "Open Sans",sans-serif;
  height: 3em;
  width: 100%;
}

.c1 {
  background-image: url( search.svg );
  background-size: 25px;
  background-position: left center;
  background-repeat: no-repeat;
  width: 40px;
  height: 50px;
  float: left;
}

.c2 {
  width: calc(100% - 40px);
}

.c11 {
  font-weight: 300;
  font-size: 1.3em;
  margin: 0;
}

.c14 {
  width: 100%;
  box-shadow: 0 2px 4px 0 rgba(0,0,0,0.2);
}

.c14.is-focused:not(.is-open) > .Select-control {
  border-color: #64a60a;
  box-shadow: none;
  background: #fff;
}

.c14 .Select-control {
  height: 48px;
  border-radius: 0;
}

.c14 .Select-placeholder {
  line-height: 48px;
  color: #646464;
}

.c14.Select--single > .Select-control .Select-value {
  line-height: 48px;
}

.c14 .Select-value-label {
  line-height: 48px;
}

.c14 .Select-input {
  line-height: 48px;
}

.c14 .Select-option {
  color: #000;
}

.c14 .Select-option.is-selected {
  background-color: #6dff003d;
}

.c14 .Select-option.is-focused {
  background-color: #64a60a;
  color: #fff;
}

.c13 {
  display: -webkit-box;
  display: -webkit-flex;
  display: -ms-flexbox;
  display: flex;
  width: 100%;
}

.c13 >:last-child {
  margin-left: 8px;
}

.c12 {
  display: inline-block;
  font-size: 1em;
  margin: 16px 0 8px;
}

.c15 {
  white-space: nowrap;
  min-width: initial;
}

.c0 {
  text-align: center;
}

.c0 button {
  margin: 20px 0 36px 0;
}

@media screen and ( max-width:800px ) {
  .c4 {
    width: 100%;
    background-image: none;
    padding: 12px 16px;
  }
}

@media screen and ( max-width:800px ) {
  .c20 {
    padding: 16px;
  }
}

@media screen and ( max-width:800px ) {
  .c23::after {
    padding-right: 16px;
  }
}

@media screen and ( max-width:1355px ) {
  .c23 {
    padding-left: 20px;
  }
}

@media screen and ( max-width:1355px ) {
  .c26 {
    padding-left: 20px;
  }
}

@media screen and ( max-width:1355px ) {
  .c28 {
    padding-left: 20px;
    display: none;
  }
}

@media screen and ( max-width:800px ) {
  .c28 {
    display: none;
  }
}

@media screen and ( max-width:1355px ) {
  .c31 {
    padding-left: 20px;
  }
}

@media screen and ( max-width:800px ) {
  .c25 {
    -webkit-flex-shrink: 1;
    -ms-flex-negative: 1;
    flex-shrink: 1;
  }
}

@media screen and ( max-width:800px ) {
  .c13 {
    display: block;
    height: auto;
  }
}

@media screen and ( max-width:800px ) {
  .c13 >:last-child {
    margin-left: 0;
    margin-top: 8px;
  }
}

<div>
  <div
    className="c0"
  >
    <div>
      <label
        className="c1"
        htmlFor="search"
      >
        <span
          className="screen-reader-text "
        >
          Search sites
        </span>
      </label>
      <input
        aria-describedby="search-description"
        autoCapitalize="off"
        autoComplete="off"
        autoCorrect="off"
        className="c2 c3"
        id="search"
        onChange={[Function]}
        spellCheck="false"
        type="text"
        value=""
        width="100%"
      />
      <p
        className="screen-reader-text"
        id="search-description"
      >
        The search results will be updated as you type.
      </p>
    </div>
    <button
      aria-label="Add site"
      className="c4 c5 c6 c7 c8"
      onClick={[Function]}
      type="button"
    >
      <span>
        Add site
      </span>
    </button>
  </div>
  <div
    className="c9"
  >
    <div
      className="c10"
    >
      <h2
        className="c11"
      >
        Configuration Service
      </h2>
      <p>
        <span>
          You have 1 available configuration service, which you can apply to one of your websites.
        </span>
        <br />
        <span>
          Select a website in the drop-down list below, and click on "request configuration service" to open the intake form.
        </span>
      </p>
      <label
        className="c12"
        htmlFor="configuration-service-select-website"
      >
        <span>
          Select a website:
        </span>
      </label>
      <span
        className="c13"
      >
        <mockSelectComponent
          className="c14"
          id="configuration-service-select-website"
          name="form-field-name"
          onChange={[Function]}
          placeholder="Open the list of websites..."
          value=""
        />
        <button
          className="c15 c4 c16 Button-kDSBcD c17 c18"
          onClick={[Function]}
          type="button"
        >
          Request configuration service
        </button>
      </span>
    </div>
  </div>
  <div
    className="c9"
  >
    <ul
      className="c19"
      role="list"
    >
      <li
        className="c20"
      >
        <span
          className="c21 c22 c23"
        >
          <img
            alt=""
            className="c24"
            src="https://yoast-mercury.s3.amazonaws.com/uploads/2013/02/Yoast_Icon_Large_RGB.png"
          />
        </span>
        <span
          className="c25 c26"
        >
          www.yoast.com
        </span>
        <span
          className="c27 c22 c28"
        >
          <span>
            <img
              alt="Test is active"
              className="c29"
              src="test.jpg"
            />
            <img
              alt="Test2 is active"
              className="c29"
              src="test.jpg"
            />
            <img
              alt="Test3 is inactive"
              className="c30"
              src="test.jpg"
            />
            <img
              alt="Test4 is inactive"
              className="c30"
              src="test.jpg"
            />
          </span>
        </span>
        <span
          className="c22 c31"
        />
      </li>
    </ul>
  </div>
</div>
`;

exports[`the sites page component without sites handling an onclick event on the add site button 1`] = `
.c5 {
  height: 48px;
  margin: 0;
  padding: 0 16px;
  border: 0;
  border-bottom: 2px solid rgba(0,0,0,0.2);
  background-color: #64a60a;
  color: #fff;
  box-shadow: 0 2px 4px 0 rgba(0,0,0,0.2);
  border-radius: 4px;
  font: 400 14px/24px "Open Sans",sans-serif;
  text-transform: uppercase;
  cursor: pointer;
  vertical-align: top;
  -webkit-transition: background-color 150ms ease-out;
  transition: background-color 150ms ease-out;
}

.c5:hover,
.c5:focus {
  box-shadow: 0 4px 10px 0 rgba(0,0,0,0.2),inset 0 0 0 100px rgba( 0,0,0,0.1 );
}

.c5:active {
  -webkit-transform: translateY( 1px );
  -ms-transform: translateY( 1px );
  transform: translateY( 1px );
  box-shadow: none;
}

.c4 {
  background-repeat: no-repeat;
  background-image: url( plus.svg );
  background-position: 8px 50%;
  background-size: 24px;
  padding-left: 36px;
}

.c3 {
  text-shadow: 0px 0px 2px #000;
}

.c2 {
  min-width: 152px;
}

.c0 {
  color: #000;
  text-align: center;
  align: center;
  margin-top: 10vh;
}

.c6 {
  height: auto;
  display: block;
  margin: 0 auto;
}

.c1 {
  margin-bottom: 2em;
}

@media screen and ( max-width:400px ) {
  .c6 {
    max-width: 240px;
  }
}

@media screen and ( min-width:400px ) {
  .c6 {
    max-width: 384px;
  }
}

<div>
  <div
    className="c0"
  >
    <p>
      <span>
        Welcome to the sites overview.
      </span>
    </p>
    <p>
      <span>
        Here you will be able to manage all your sites that are running Yoast subscriptions.
      </span>
    </p>
    <p>
      <span>
        Press the button below to add your first site.
      </span>
    </p>
    <button
      className="c1 c2 c3 c4 c5"
      onClick={[Function]}
      type="button"
    >
      <span>
        Add site
      </span>
    </button>
    <img
      alt=""
      className="c6"
      src="noSites.svg"
    />
  </div>
</div>
`;

exports[`the sites page component without sites handling an onclick event on the add site button 2`] = `
.c5 {
  height: 48px;
  margin: 0;
  padding: 0 16px;
  border: 0;
  border-bottom: 2px solid rgba(0,0,0,0.2);
  background-color: #64a60a;
  color: #fff;
  box-shadow: 0 2px 4px 0 rgba(0,0,0,0.2);
  border-radius: 4px;
  font: 400 14px/24px "Open Sans",sans-serif;
  text-transform: uppercase;
  cursor: pointer;
  vertical-align: top;
  -webkit-transition: background-color 150ms ease-out;
  transition: background-color 150ms ease-out;
}

.c5:hover,
.c5:focus {
  box-shadow: 0 4px 10px 0 rgba(0,0,0,0.2),inset 0 0 0 100px rgba( 0,0,0,0.1 );
}

.c5:active {
  -webkit-transform: translateY( 1px );
  -ms-transform: translateY( 1px );
  transform: translateY( 1px );
  box-shadow: none;
}

.c4 {
  background-repeat: no-repeat;
  background-image: url( plus.svg );
  background-position: 8px 50%;
  background-size: 24px;
  padding-left: 36px;
}

.c3 {
  text-shadow: 0px 0px 2px #000;
}

.c2 {
  min-width: 152px;
}

.c0 {
  color: #000;
  text-align: center;
  align: center;
  margin-top: 10vh;
}

.c6 {
  height: auto;
  display: block;
  margin: 0 auto;
}

.c1 {
  margin-bottom: 2em;
}

@media screen and ( max-width:400px ) {
  .c6 {
    max-width: 240px;
  }
}

@media screen and ( min-width:400px ) {
  .c6 {
    max-width: 384px;
  }
}

<div>
  <div
    className="c0"
  >
    <p>
      <span>
        Welcome to the sites overview.
      </span>
    </p>
    <p>
      <span>
        Here you will be able to manage all your sites that are running Yoast subscriptions.
      </span>
    </p>
    <p>
      <span>
        Press the button below to add your first site.
      </span>
    </p>
    <button
      className="c1 c2 c3 c4 c5"
      onClick={[Function]}
      type="button"
    >
      <span>
        Add site
      </span>
    </button>
    <img
      alt=""
      className="c6"
      src="noSites.svg"
    />
  </div>
</div>
`;
