// Jest Snapshot v1, https://goo.gl/fbAQLP

exports[`The Stepper component matches the snapshot 1`] = `
.c2 {
  float: left;
  height: 30px;
  width: 30px;
  color: #fff;
  font-size: 14px;
  border-radius: 50%;
  padding: 5px;
  margin-right: 10px;
  text-align: center;
  line-height: 20px;
}

.c5 {
  background-color: #a4286a;
}

.c1 {
  background-color: #a0a5aa;
}

.c0 {
  display: block;
  background: transparent;
  border: 0;
  padding: 0;
  height: 30px;
  color: #000;
  font-size: 18px;
  line-height: 30px;
  cursor: pointer;
  margin: 5px 0;
  text-align: left;
}

.c3 {
  display: inline-block;
}

.c4 {
  padding: 5px 0 5px 25px;
  margin-left: 15px;
  border-left: 1px solid #a0a5aa;
}

.c10 {
  height: 48px;
  margin: 0;
  padding: 0 16px;
  border: 0;
  border-bottom: 2px solid rgba(0,0,0,0.2);
  background-color: #64a60a;
  color: #fff;
  box-shadow: 0 2px 4px 0 rgba(0,0,0,0.2);
  border-radius: 4px;
  font: 400 14px/24px "Open Sans",sans-serif;
  text-transform: uppercase;
  cursor: pointer;
  vertical-align: top;
  -webkit-transition: background-color 150ms ease-out;
  transition: background-color 150ms ease-out;
}

.c10:hover,
.c10:focus {
  box-shadow: 0 4px 10px 0 rgba(0,0,0,0.2),inset 0 0 0 100px rgba( 0,0,0,0.1 );
}

.c10:active {
  -webkit-transform: translateY( 1px );
  -ms-transform: translateY( 1px );
  transform: translateY( 1px );
  box-shadow: none;
}

.c13 {
  text-shadow: 0px 0px 2px #000;
}

.c9 {
  color: #000;
  box-shadow: none;
  background-color: #fff;
  border: 1px solid #000;
  min-width: 152px;
}

.c9:hover,
.c9:focus {
  background-color: #64a60a;
  color: #fff;
  box-shadow: 0 2px 4px 0 rgba(0,0,0,0.2);
  border: 0;
  text-shadow: 0px 0px 2px #000;
}

.c12 {
  min-width: 152px;
}

.c7 {
  -webkit-flex: 1 0 200px;
  -ms-flex: 1 0 200px;
  flex: 1 0 200px;
  padding-bottom: 16px;
  text-align: right;
}

.c7 a,
.c7 button {
  margin-left: 12px;
}

.c6 {
  margin-left: 12px;
}

@media screen and ( max-width:800px ) {
  .c3 {
    font-size: 16px;
  }
}

@media screen and (max-width:800px) {
  .c7 {
    display: -webkit-box;
    display: -webkit-flex;
    display: -ms-flexbox;
    display: flex;
    -webkit-flex-direction: column;
    -ms-flex-direction: column;
    flex-direction: column;
    -webkit-align-items: center;
    -webkit-box-align: center;
    -ms-flex-align: center;
    align-items: center;
    -webkit-box-pack: center;
    -webkit-justify-content: center;
    -ms-flex-pack: center;
    justify-content: center;
  }

  .c7 a,
  .c7 button {
    margin-left: 0;
    margin-bottom: 8px;
  }
}

@media screen and ( max-width:800px ) {
  .c11 {
    width: 100%;
    background-image: none;
    padding: 12px 16px;
  }
}

@media screen and ( max-width:800px ) {
  .c8 {
    width: 100%;
    background-image: none;
    padding: 12px 16px;
  }
}

<div>
  <div>
    <button
      aria-current="false"
      aria-label="Step 1: Administrator login"
      className="c0"
      onClick={[Function]}
      type="button"
    >
      <span
        className="c1 c2"
      >
        1
      </span>
      <span
        className="c3"
      >
        Administrator login
      </span>
    </button>
    <div
      className="c4"
    />
  </div>
  <div>
    <button
      aria-current="step"
      aria-label="Step 2: Backup"
      className="c0"
      onClick={[Function]}
      type="button"
    >
      <span
        className="c5 c2"
      >
        2
      </span>
      <span
        className="c3"
      >
        Backup
      </span>
    </button>
    <div
      className="c4"
    >
      <div>
        <p>
          <span>
            Do you have a recent backup? We'll make changes to your site. Normally, nothing goes wrong, but we want to make sure a recent backup is available. If you don't have a recent backup, we will create one. The data will be deleted after you've confirmed the configuration service is completed.
          </span>
        </p>
        <p>
          <input
            checked={false}
            id="backupExists"
            onChange={[Function]}
            type="radio"
            value="false"
          />
          <label
            className="c6"
            htmlFor="backupExists"
          >
            <span>
              Yes, I have a recent backup.
            </span>
          </label>
        </p>
        <p>
          <input
            checked={true}
            id="backupMissing"
            onChange={[Function]}
            type="radio"
            value="true"
          />
          <label
            className="c6"
            htmlFor="backupMissing"
          >
            <span>
              No, I do not have a recent backup and you are allowed to make one.
            </span>
          </label>
        </p>
        <div
          className="c7"
        >
          <button
            className="c8 c9 c10"
            onClick={[Function]}
            type="button"
          >
            <span>
              back
            </span>
          </button>
          <button
            className="c11 c12 c13 c10"
            onClick={[Function]}
            type="submit"
          >
            <span>
              continue
            </span>
          </button>
        </div>
      </div>
    </div>
  </div>
</div>
`;
