// Jest Snapshot v1, https://goo.gl/fbAQLP

exports[`the subnavigation component matches the snapshot 1`] = `
<div>
  <ul
    className="fXEqiq"
    role="list"
  >
    <li
      className="isgbHI"
    >
      <a
        aria-current={false}
        className="jUdSwI"
        href="/account/subscriptions"
        onClick={[Function]}
        style={undefined}
      >
         
        Subscriptions
         
      </a>
    </li>
    <li
      className="isgbHI"
    >
      <a
        aria-current={false}
        className="jUdSwI"
        href="/account/orders"
        onClick={[Function]}
        style={undefined}
      >
         
        Orders
         
      </a>
    </li>
    <li
      className="isgbHI"
    >
      <a
        aria-current={false}
        className="jUdSwI"
        href="/account/profile"
        onClick={[Function]}
        style={undefined}
      >
         
        Profile
         
      </a>
    </li>
  </ul>
  <div />
</div>
`;
