exports[`test the subnavigation component matches the snapshot 1`] = `
<div>
  <ul
    className="ljMkYQ"
    role="list">
    <li>
      <a
        className="fkCRai"
        href="/account/subscriptions"
        onClick={[Function]}
        style={undefined}>
         
        Plugins
         
      </a>
    </li>
    <li>
      <a
        className="fkCRai"
        href="/subscriptions/services"
        onClick={[Function]}
        style={undefined}>
         
        Services
         
      </a>
    </li>
  </ul>
  <div />
</div>
`;
