exports[`test the subscription detail component matches the snapshot 1`] = `
<div
  className="kkwPHQ">
  <div
    className="dTjaLK">
    <h2
      className="DGRcf">
      Payment details
    </h2>
    <ul
      className="kYxQsj"
      role="list">
      <li
        className="iTtCSg">
        <span
          className="hIvutE">
          Start date
        </span>
        <span
          className="hIvutE">
          <span>
            June 01, 2017
          </span>
        </span>
      </li>
      <li
        className="fFYeCA">
        <span
          className="hIvutE">
          Next billing
        </span>
        <span
          className="hIvutE">
          <span>
            June 01, 2018
          </span>
        </span>
      </li>
    </ul>
  </div>
  <div
    className="dTjaLK">
    <h2
      className="DGRcf">
      Subscription details
    </h2>
    <ul
      className="kYxQsj"
      role="list">
      <li
        className="iTtCSg">
        <span
          className="fkByDC">
          You can add 4 more sites to this subscription.
        </span>
        <span
          className="gjfIlq" />
      </li>
      <li
        className="fFYeCA">
        <span
          className="fkByDC">
          Change subscription level
        </span>
        <span
          className="gjfIlq" />
      </li>
      <li
        className="iTtCSg">
        <span
          className="fkByDC">
          Cancel subscription
        </span>
        <span
          className="gjfIlq" />
      </li>
    </ul>
  </div>
  <div
    className="dTjaLK">
    <h2
      className="DGRcf">
      Invoices
    </h2>
    <ul
      className="kYxQsj"
      role="list">
      <li
        className="iTtCSg">
        <span
          className="dESJUX">
          <span>
            July 21, 2016
          </span>
        </span>
        <span
          className="dESJUX">
          $1
        </span>
        <span
          className="kxFaKW" />
      </li>
      <li
        className="fFYeCA">
        <span
          className="dESJUX">
          <span>
            July 22, 2016
          </span>
        </span>
        <span
          className="dESJUX">
          $200
        </span>
        <span
          className="kxFaKW" />
      </li>
    </ul>
  </div>
</div>
`;
