exports[`test the subscription header matches the snapshot 1`] = `
<div
  className="hczbRR">
  
  <div
    className="dbEMFQ">
    <div
      className="foqgVb">
      <h1
        className="eyKfgT">
        Subscription
      </h1>
      
    </div>
    <p
      className="lkcPjM" />
  </div>
</div>
`;
