exports[`test the subscription detail component matches the snapshot 1`] = `
<div
  className="dEsSwh">
  <div
    className="oBxVh">
    <h2
      className="crGUjy">
      Payment details
    </h2>
    <ul
      className="kYxQsj"
      role="list">
      <li
        className="hIfJht">
        <span
          className="eMrAqV">
          Start date
        </span>
        <span
          className="eMrAqV">
          <span>
            June 01, 2017
          </span>
        </span>
      </li>
      <li
        className="bhegyb">
        <span
          className="eMrAqV">
          Next billing
        </span>
        <span
          className="eMrAqV">
          <span>
            June 01, 2018
          </span>
        </span>
      </li>
    </ul>
  </div>
  <div
    className="oBxVh">
    <h2
      className="crGUjy">
      Subscription details
    </h2>
    <ul
      className="kYxQsj"
      role="list">
      <li
        className="hIfJht">
        <span
          className="fbIbuP">
          You can add 4 more sites to this subscription.
        </span>
        <span
          className="jMZpnL" />
      </li>
      <li
        className="bhegyb">
        <span
          className="fbIbuP">
          Change subscription level
        </span>
        <span
          className="jMZpnL" />
      </li>
      <li
        className="hIfJht">
        <span
          className="fbIbuP">
          Cancel subscription
        </span>
        <span
          className="jMZpnL" />
      </li>
    </ul>
  </div>
  <div
    className="oBxVh">
    <h2
      className="crGUjy">
      Invoices
    </h2>
    <ul
      className="kYxQsj"
      role="list">
      <li
        className="hIfJht">
        <span
          className="hpjLSh">
          <span>
            July 21, 2016
          </span>
        </span>
        <span
          className="fRQKF">
          $1
        </span>
        <span
          className="fXreAk" />
      </li>
      <li
        className="bhegyb">
        <span
          className="hpjLSh">
          <span>
            July 22, 2016
          </span>
        </span>
        <span
          className="fRQKF">
          $200
        </span>
        <span
          className="fXreAk" />
      </li>
    </ul>
  </div>
</div>
`;
