// Jest Snapshot v1, https://goo.gl/fbAQLP

exports[`The Subscription component matches the snapshot 1`] = `
.c1 {
  background: #fff;
  min-height: 100px;
  display: -webkit-box;
  display: -webkit-flex;
  display: -ms-flexbox;
  display: flex;
  padding: 16px 24px;
  -webkit-align-items: center;
  -webkit-box-align: center;
  -ms-flex-align: center;
  align-items: center;
  -webkit-box-pack: justify;
  -webkit-justify-content: space-between;
  -ms-flex-pack: justify;
  justify-content: space-between;
}

.c1:first-child {
  margin-top: 64px;
}

.c5 {
  font-size: 14px;
  padding-left: 40px;
}

.c5:first-child {
  padding-left: 0;
}

.c5::before {
  position: absolute;
  left: -9999em;
  top: -30px;
  font-size: 1.286em;
  line-height: 0;
  content: none;
}

.c8 {
  font-size: 14px;
  padding-left: 40px;
  overflow: hidden;
  text-overflow: ellipsis;
  white-space: nowrap;
}

.c8:first-child {
  padding-left: 0;
}

.c8::before {
  position: absolute;
  left: -9999em;
  top: -30px;
  font-size: 1.286em;
  line-height: 0;
  content: "Product";
}

.c13 {
  min-width: 102px;
  font-size: 14px;
  padding-left: 40px;
  overflow: hidden;
  text-overflow: ellipsis;
  white-space: nowrap;
}

.c13:first-child {
  padding-left: 0;
}

.c13::before {
  position: absolute;
  left: -9999em;
  top: -30px;
  font-size: 1.286em;
  line-height: 0;
  content: "Used on";
}

.c15 {
  min-width: 120px;
  font-size: 14px;
  padding-left: 40px;
  overflow: hidden;
  text-overflow: ellipsis;
  white-space: nowrap;
}

.c15:first-child {
  padding-left: 0;
}

.c15::before {
  position: absolute;
  left: -9999em;
  top: -30px;
  font-size: 1.286em;
  line-height: 0;
  content: "Billing type";
}

.c17 {
  min-width: 198px;
  font-size: 14px;
  padding-left: 40px;
  overflow: hidden;
  text-overflow: ellipsis;
  white-space: nowrap;
}

.c17:first-child {
  padding-left: 0;
}

.c17::before {
  position: absolute;
  left: -9999em;
  top: -30px;
  font-size: 1.286em;
  line-height: 0;
  content: "Next billing";
}

.c7 {
  -webkit-flex: 1 0 200px;
  -ms-flex: 1 0 200px;
  flex: 1 0 200px;
}

.c4 {
  -webkit-flex: 0 0 auto;
  -ms-flex: 0 0 auto;
  flex: 0 0 auto;
}

.c18 {
  -webkit-flex: 0 0 auto;
  -ms-flex: 0 0 auto;
  flex: 0 0 auto;
}

.c12 {
  -webkit-flex: 1 0 100px;
  -ms-flex: 1 0 100px;
  flex: 1 0 100px;
}

.c3 {
  height: 48px;
}

.c6 {
  height: inherit;
}

.c0 {
  color: inherit;
}

.c10 {
  color: inherit;
  font-weight: bold;
}

.c9 {
  display: block;
  font-size: 14px;
}

.c2 {
  height: 32px;
}

@media screen and ( max-width:800px ) {
  .c1 {
    padding: 16px;
  }
}

@media screen and ( max-width:1355px ) {
  .c5 {
    padding-left: 20px;
  }
}

@media screen and ( max-width:1355px ) {
  .c8 {
    padding-left: 20px;
  }
}

@media screen and ( max-width:1355px ) {
  .c13 {
    padding-left: 20px;
  }
}

@media screen and ( max-width:800px ) {
  .c13 {
    display: none;
  }
}

@media screen and ( max-width:1355px ) {
  .c15 {
    padding-left: 20px;
  }
}

@media screen and ( max-width:800px ) {
  .c15 {
    display: none;
  }
}

@media screen and ( max-width:1355px ) {
  .c17 {
    padding-left: 20px;
  }
}

@media screen and ( max-width:800px ) {
  .c17 {
    display: none;
  }
}

@media screen and ( max-width:800px ) {
  .c7 {
    -webkit-flex-shrink: 1;
    -ms-flex-negative: 1;
    flex-shrink: 1;
  }
}

@media screen and ( max-width:1355px ) {
  .c18 {
    padding-left: 0px;
  }
}

@media screen and ( max-width:1355px ) {
  .c11 {
    max-width: 120px;
    padding-left: inherit;
  }
}

@media screen and ( max-width:800px ) {
  .c11 {
    max-width: none;
  }
}

@media screen and ( max-width:1355px ) {
  .c14 {
    max-width: 140px;
    padding-left: 0px;
  }
}

@media screen and ( max-width:800px ) {
  .c14 {
    max-width: none;
  }
}

@media screen and ( max-width:1355px ) {
  .c16 {
    min-width: 158px;
    padding-left: 0px;
  }
}

@media screen and ( max-width:800px ) {
  .c16 {
    max-width: none;
  }
}

<li
  className="c0 c1"
>
  <span
    className="c2 c3 c4 c5"
  >
    <img
      alt=""
      className="c6"
      src="https://yoast-mercury.s3.amazonaws.com/uploads/2013/02/Yoast_Icon_Large_RGB.png"
    />
  </span>
  <span
    className="c7 c8"
  >
    SEO Premium for WordPress
    <span
      className="c9"
    >
      <span
        className="c10"
      >
        Active
      </span>
       - 
    </span>
  </span>
  <span
    className="c11 c12 c13"
  >
    14
    /
    20 sites
  </span>
  <span
    className="c14 c12 c15"
  >
    Automatic renewal
  </span>
  <span
    className="c16 c12 c17"
  >
    <span>
      April 4, 2017
    </span>
    <span
      className="c9"
    >
      <span>
        $125.12
      </span>
    </span>
  </span>
  <span
    className="c18 c5"
  />
</li>
`;
