exports[`test The Subscription component matches the snapshot 1`] = `
<li
  className="iYfqfc">
  <span
    className="cpfBRH"
    label="">
    <img
      alt=""
      className="bjVGHc"
      src="https://yoast-mercury.s3.amazonaws.com/uploads/2013/02/Yoast_Icon_Large_RGB.png" />
  </span>
  <span
    className="hSVqo"
    label="Product">
    SEO Premium for WordPress
  </span>
  <span
    className="gWsdrk"
    label="Level">
    20 sites
  </span>
  <span
    className="hHZLIx"
    label="Usage">
    14
    /
    20
  </span>
  <span
    className="jWNjyX"
    label="Next billing on">
    <span>
      4/4/2017
    </span>
  </span>
  <span
    className="Vxkll"
    label="Amount">
    $
     
    125.12
  </span>
  <span
    className="iTexxv"
    label="">
    <a
      href="/subscriptions/a"
      onClick={[Function]} />
  </span>
</li>
`;
