exports[`test the subscription header matches the snapshot 1`] = `
<div
  className="eYkuWg">
  
  <div
    className="hKMBVn">
    <div
      className="foqgVb">
      <h1
        className="jOgJec">
        Subscription
      </h1>
      
    </div>
    <p
      className="clDVnZ" />
  </div>
</div>
`;
